--- uvicorn server log ---
/Users/lazytrot/work/uvicorn-rs/.venv/lib/python3.12/site-packages/uvicorn/protocols/websockets/websockets_impl.py:41: UvicornDeprecationWarning: The `websockets` implementation is deprecated, and `--ws websockets` will point at the `websockets-sansio` implementation in a future release. Use `--ws websockets-sansio` or `--ws auto` to switch now.
  warnings.warn(

--- uvicorn-rs server log ---
Exception in callback <builtins.PythonTaskStarter object at 0x101c74a80>
handle: <Handle <builtins.PythonTaskStarter object at 0x101c74a80>>
Traceback (most recent call last):
  File "uvloop/cbhandles.pyx", line 64, in uvloop.loop.Handle._run
MemoryError: coverage-only injected MemoryError at PythonTaskStarterAddDoneCallback
RuntimeError: Python event loop stopped before the ASGI task started
Task exception was never retrieved
future: <Task finished name='Task-4' coro=<invoke() done, defined at /Users/lazytrot/work/uvicorn-rs/python/uvicorn_rs/_bridge.py:4> exception=OSError('server response channel closed: channel closed')>
Traceback (most recent call last):
  File "/Users/lazytrot/work/uvicorn-rs/python/uvicorn_rs/_bridge.py", line 16, in invoke
    await app(scope, receive, send)
  File "/Users/lazytrot/work/uvicorn-rs/tests/parity/app.py", line 407, in _app_impl
    await _respond(send, json.dumps(observed, separators=(",", ":")).encode(), content_type=b"application/json")
  File "/Users/lazytrot/work/uvicorn-rs/tests/parity/app.py", line 35, in _respond
    await send(
  File "/Users/lazytrot/work/uvicorn-rs/python/uvicorn_rs/_bridge.py", line 12, in send
    pending = io.send(message)
              ^^^^^^^^^^^^^^^^
OSError: server response channel closed: channel closed

