[1/450] PASSED http1.scope-query-header-and-body (1708 regions)
[2/450] PASSED http1.put-method-scope-and-body (1595 regions)
[3/450] PASSED http1.absolute-form-target-preserves-raw-headers (1523 regions)
[4/450] PASSED http1.sync-callable-returns-awaitable (1539 regions)
[5/450] PASSED http1.response-stream-order (1540 regions)
[6/450] PASSED http1.response-body-queued-after-start-yield (1560 regions)
[7/450] PASSED http1.response-body-pending-then-complete (1560 regions)
[8/450] PASSED fault.http1.response-start-and-final-body-queued-after-task-wins-select (1648 regions)
[9/450] PASSED fault.http1.response-body-queued-after-receiver-pending (1680 regions)
[10/450] PASSED http1.response-first-chunk-before-app-completion (1579 regions)
[11/450] PASSED http1.response-reset-after-first-streamed-chunk (1662 regions)
[12/450] PASSED http1.response-reset-cancels-held-application (1662 regions)
[13/450] PASSED http1.request-upload-stream (1715 regions)
[14/450] PASSED http1.request-streaming-progress-before-upload-complete (1733 regions)
[15/450] PASSED http1.concurrent-request-receives-complete (1717 regions)
[16/450] PASSED fault.http1.concurrent-request-receives-after-lock-contention (1876 regions)
[17/450] PASSED http1.application-error (1379 regions)
[18/450] PASSED http1.synchronous-callable-error-before-awaitable (1379 regions)
[19/450] PASSED http1.receive-call-rejects-positional-argument (1379 regions)
[20/450] PASSED http1.application-status-404 (1539 regions)
[21/450] PASSED http1.client-disconnect-event (1671 regions)
[22/450] PASSED http1.disconnect-after-response-start-send-error (1759 regions)
[23/450] PASSED http1.post-empty-body (1595 regions)
[24/450] PASSED http1.request-trailers-after-streamed-upload (1734 regions)
[25/450] PASSED http1.asgi-event-type-string-subclass (1547 regions)
[26/450] PASSED http1.invalid-asgi-missing-event-type (1388 regions)
[27/450] PASSED http1.invalid-asgi-unknown-event-type (1420 regions)
[28/450] PASSED http1.invalid-asgi-body-before-start (1397 regions)
[29/450] PASSED http1.response-burst-backpressure (1561 regions)
[30/450] PASSED http1.response-burst-backpressure-large-body (1614 regions)
[31/450] PASSED http1.response-before-upload-drained (1601 regions)
[32/450] PASSED http1.scope-encoded-path-and-query (1539 regions)
[33/450] PASSED http1.response-body-fields-default-empty (1518 regions)
[34/450] PASSED http1.invalid-response-header-name (1396 regions)
[35/450] PASSED http1.invalid-response-header-value (1400 regions)
[36/450] PASSED http1.invalid-asgi-event-type-is-not-string (1389 regions)
[37/450] PASSED http1.invalid-asgi-response-start-missing-status (1364 regions)
[38/450] PASSED http1.invalid-asgi-response-status-range (1373 regions)
[39/450] PASSED http1.invalid-asgi-response-status-type (1367 regions)
[40/450] PASSED http1.invalid-asgi-response-headers-container (1386 regions)
[41/450] PASSED http1.invalid-asgi-response-body-type (1537 regions)
[42/450] PASSED http1.duplicate-response-start (1522 regions)
[43/450] PASSED http1.response-start-then-app-error (1521 regions)
[44/450] PASSED http1.response-body-incomplete (1556 regions)
[45/450] PASSED http1.final-body-then-app-error (1528 regions)
[46/450] PASSED http1.request-body-drained-after-early-response (1665 regions)
[47/450] PASSED http1.disconnect-is-repeatable (1672 regions)
[48/450] PASSED http1.disconnect-remains-repeatable-after-repeated-receive (1770 regions)
[49/450] PASSED http1.wrong-context-websocket-accept-event (1398 regions)
[50/450] PASSED http1.wrong-context-websocket-close-event (1398 regions)
[51/450] PASSED http1.wrong-context-websocket-send-event (1398 regions)
[52/450] PASSED http1.wrong-context-lifespan-startup-complete-event (1397 regions)
[53/450] PASSED http1.wrong-context-lifespan-startup-failed-event (1398 regions)
[54/450] PASSED http1.wrong-context-lifespan-shutdown-complete-event (1397 regions)
[55/450] PASSED http1.wrong-context-lifespan-shutdown-failed-event (1404 regions)
[56/450] PASSED http1.upload-remains-after-one-asgi-receive (1665 regions)
[57/450] PASSED http1.upload-remains-unread-after-early-response (1609 regions)
[58/450] PASSED http1.app-returns-before-response-start (1382 regions)
[59/450] PASSED http1.percent-encoded-invalid-utf8-path (1539 regions)
[60/450] PASSED http1.connection-upgrade-token-without-upgrade (1557 regions)
[61/450] PASSED http1.websocket-upgrade-without-connection-token (1561 regions)
[62/450] PASSED http1.websocket-upgrade-with-whitespace-token (1683 regions)
[63/450] PASSED http1.websocket-upgrade-missing-key (1125 regions)
[64/450] PASSED http1.websocket-upgrade-invalid-key (1144 regions)
[65/450] PASSED http1.websocket-upgrade-key-incorrect-padding (1160 regions)
[66/450] PASSED http1.websocket-upgrade-key-excess-padding (1168 regions)
[67/450] PASSED http1.websocket-upgrade-key-discontinuous-padding (1159 regions)
[68/450] PASSED http1.websocket-upgrade-key-missing-padding (1167 regions)
[69/450] PASSED http1.websocket-upgrade-key-excess-canonical-padding (1168 regions)
[70/450] PASSED http1.websocket-upgrade-key-wrong-decoded-size (1166 regions)
[71/450] PASSED http1.websocket-upgrade-key-valid-single-padding-wrong-size (1167 regions)
[72/450] PASSED http1.websocket-upgrade-missing-version (1168 regions)
[73/450] PASSED http1.websocket-upgrade-wrong-version (1172 regions)
[74/450] PASSED http1.websocket-upgrade-empty-version (1173 regions)
[75/450] PASSED http1.websocket-upgrade-empty-key (1164 regions)
[76/450] PASSED http1.websocket-upgrade-duplicate-key (1680 regions)
[77/450] PASSED http1.persistent-connection-two-requests (1539 regions)
[78/450] PASSED http1.head-streamed-response-suppresses-body (1566 regions)
[79/450] PASSED http1.no-content-status-with-empty-body (1549 regions)
[80/450] PASSED http1.scope-reports-http-1-0 (1536 regions)
[81/450] PASSED http1.scope-http-1-0-without-host-header (1520 regions)
[82/450] PASSED http1.disconnect-before-request-body (1624 regions)
[83/450] PASSED http1.reset-during-incomplete-request-body (1770 regions)
[84/450] PASSED http1.disconnect-before-first-asgi-receive (1619 regions)
[85/450] PASSED http1.disconnect-after-complete-request-while-receive-waits (1694 regions)
[86/450] PASSED fault.http1.scope-asgi-version-memory-error (1719 regions)
[87/450] PASSED fault.http1.scope-http-asgi-spec-version-set-item (1719 regions)
[88/450] PASSED fault.http1.scope-http-type-set-item (1719 regions)
[89/450] PASSED fault.http1.scope-http-asgi-set-item (1719 regions)
[90/450] PASSED fault.http1.scope-http-http-version-set-item (1719 regions)
[91/450] PASSED fault.http1.scope-http-method-set-item (1719 regions)
[92/450] PASSED fault.http1.scope-http-scheme-set-item (1719 regions)
[93/450] PASSED fault.http1.scope-http-path-set-item (1719 regions)
[94/450] PASSED fault.http1.scope-http-raw-path-set-item (1719 regions)
[95/450] PASSED fault.http1.scope-http-query-string-set-item (1719 regions)
[96/450] PASSED fault.http1.scope-http-root-path-set-item (1719 regions)
[97/450] PASSED fault.http1.scope-http-headers-append (1719 regions)
[98/450] PASSED fault.http1.scope-http-headers-set-item (1719 regions)
[99/450] PASSED fault.http1.scope-http-client-set-item (1719 regions)
[100/450] PASSED fault.http1.scope-http-server-set-item (1719 regions)
[101/450] PASSED fault.http1.scope-state-copy-set-item (1721 regions)
[102/450] PASSED fault.http1.scope-state-set-item (1720 regions)
[103/450] PASSED fault.http1.scope-websocket-asgi-version-set-item (1891 regions)
[104/450] PASSED fault.http1.scope-websocket-asgi-spec-version-set-item (1895 regions)
[105/450] PASSED fault.http1.scope-websocket-type-set-item (1899 regions)
[106/450] PASSED fault.http1.scope-websocket-asgi-set-item (1903 regions)
[107/450] PASSED fault.http1.scope-websocket-http-version-set-item (1912 regions)
[108/450] PASSED fault.http1.scope-websocket-method-set-item (1949 regions)
[109/450] PASSED fault.http1.scope-websocket-scheme-set-item (1916 regions)
[110/450] PASSED fault.http1.scope-websocket-path-set-item (1922 regions)
[111/450] PASSED fault.http1.scope-websocket-raw-path-set-item (1929 regions)
[112/450] PASSED fault.http1.scope-websocket-query-string-set-item (1936 regions)
[113/450] PASSED fault.http1.scope-websocket-root-path-set-item (1945 regions)
[114/450] PASSED fault.http1.scope-websocket-headers-append (1967 regions)
[115/450] PASSED fault.http1.scope-websocket-headers-set-item (1979 regions)
[116/450] PASSED fault.http1.scope-websocket-subprotocols-set-item (1984 regions)
[117/450] PASSED fault.http1.scope-websocket-client-set-item (1989 regions)
[118/450] PASSED fault.http1.scope-websocket-server-set-item (1996 regions)
[119/450] PASSED fault.http1.request-type-set-item (1841 regions)
[120/450] PASSED fault.http1.request-body-set-item (1845 regions)
[121/450] PASSED fault.http1.request-more-body-set-item (1852 regions)
[122/450] PASSED fault.http1.connection-task-service-error (1713 regions)
[123/450] PASSED fault.http1.connection-task-join-error (1721 regions)
[124/450] PASSED fault.http1.connection-task-service-await-error (1790 regions)
[125/450] PASSED fault.http1.connection-task-join-await-error (1795 regions)
[126/450] PASSED fault.http1.connection-task-service-select-result (1724 regions)
[127/450] PASSED fault.http1.connection-task-join-select-result (1799 regions)
[128/450] PASSED fault.http1.request-disconnect-type-set-item (1923 regions)
[129/450] PASSED fault.http1.immediate-disconnect-message-error (1919 regions)
[130/450] PASSED fault.http1.response-start-task-wins-select (1730 regions)
[131/450] PASSED fault.asgi-event-type.http-response-start-eq (1737 regions)
[132/450] PASSED fault.asgi-event-type.http-response-body-eq (1738 regions)
[133/450] PASSED fault.asgi-event-type.extract (1747 regions)
[134/450] PASSED fault.http-asgi-send-type-get-item (1736 regions)
[135/450] PASSED fault.http-response-body-body-extract (1737 regions)
[136/450] PASSED fault.http-response-body-body-get-item (1737 regions)
[137/450] PASSED fault.http-response-body-more-body-extract (1737 regions)
[138/450] PASSED fault.http-response-body-more-body-get-item (1737 regions)
[139/450] PASSED fault.http-response-start-headers-extract (1738 regions)
[140/450] PASSED fault.http-response-start-headers-get-item (1716 regions)
[141/450] PASSED fault.http-response-start-status-extract (1738 regions)
[142/450] PASSED fault.http-response-start-status-get-item (1738 regions)
[143/450] PASSED fault.http1.python-task-starter-import-asyncio (1715 regions)
[144/450] PASSED fault.http1.python-task-starter-ensure-future (1737 regions)
[145/450] PASSED fault.http1.python-task-starter-add-done-callback (1755 regions)
[146/450] PASSED http1.malformed-chunk-body-becomes-asgi-disconnect (1671 regions)
[147/450] PASSED fault.http1.response-start-channel-closed (1742 regions)
[148/450] PASSED fault.http1.response-body-channel-closed (1739 regions)
[149/450] PASSED fault.http1.response-body-consumer-pause-backpressure (1749 regions)
[150/450] PASSED fault.http1.incomplete-body-consumer-pause-preserves-chunk (1687 regions)
[151/450] PASSED fault.http1.task-panic-after-final-response-body (1685 regions)
[152/450] PASSED fault.http1.task-panic-before-final-response-body (1685 regions)
[153/450] PASSED fault.http1.app-task-panic-before-response-start (1722 regions)
[154/450] PASSED fault.http1.python-task-starter-task-sender-missing (1787 regions)
[155/450] PASSED fault.http1.python-task-future-task-receiver-closed (1796 regions)
[156/450] PASSED fault.http1.python-task-future-starter-allocation (1718 regions)
[157/450] PASSED fault.http1.python-task-future-context-set-item (1736 regions)
[158/450] PASSED fault.http1.python-task-future-schedule-call (1769 regions)
[159/450] PASSED fault.http1.python-task-completion-result-receiver-closed (1746 regions)
[160/450] PASSED fault.http1.asgi-io-allocation-failure (1737 regions)
[161/450] PASSED fault.http1.app-invoke-failure (1737 regions)
[162/450] PASSED fault.http1.python-task-completion-allocation (1737 regions)
[163/450] PASSED fault.http1.empty-request-channel-closed (1708 regions)
[164/450] PASSED fault.websocket.scope-state-copy-set-item (1912 regions)
[165/450] PASSED fault.websocket.scope-state-set-item (1911 regions)
[166/450] PASSED http1.final-response-completes-before-app-return (1543 regions)
[167/450] PASSED fault.http1.asgi-receive-borrow-conflict (1722 regions)
[168/450] PASSED http1.response-burst-queued-after-pending (1561 regions)
[169/450] PASSED fault.http1.response-burst-queued-after-receiver-pending (1684 regions)
[170/450] PASSED fault.http1.reset-cancels-before-task-handle-delivery (1792 regions)
[171/450] PASSED fault.http1.upload-disconnect-during-data-send (1834 regions)
[172/450] PASSED fault.http1.upload-disconnect-before-final-message (1871 regions)
[173/450] PASSED fault.http1.upload-disconnect-after-final-message (1885 regions)
[174/450] PASSED fault.http1.receive-disconnect-before-future-poll (1918 regions)
[175/450] PASSED fault.http1.python-task-starter-inline-completion (1747 regions)
[176/450] PASSED fault.http1.python-task-starter-inline-completion-registration-error (1768 regions)
[177/450] PASSED http.application-task-cleanup-observer-sees-held-task-and-cancellation (1562 regions)
[178/450] PASSED fault.http1.python-task-starter-inline-completion-borrow-conflict (1757 regions)
[179/450] PASSED fault.http1.python-task-starter-registration-error-borrow-conflict (1760 regions)
[180/450] PASSED fault.http1.python-task-starter-registration-success-borrow-conflict (1751 regions)
[181/450] PASSED fault.http1.python-task-starter-failure-cleanup-schedule-error (1761 regions)
[182/450] PASSED fault.http1.python-task-starter-prelude-close-error (1741 regions)
[183/450] PASSED fault.http1.reset-before-body-worker-first-poll (1863 regions)
[184/450] PASSED support.http1.response-header-capacity-error-recovers (1544 regions)
[185/450] PASSED http1-tls.scope-reports-https (1678 regions)
[186/450] PASSED http1-tls.response-body-incomplete (1680 regions)
[187/450] PASSED http2.scope-query-header-and-body (1854 regions)
[188/450] PASSED http2.response-stream-order (1669 regions)
[189/450] PASSED http2.response-first-chunk-before-app-completion (1690 regions)
[190/450] PASSED http2.response-stream-reset-cancels-app (1758 regions)
[191/450] PASSED http2.request-upload-stream (1861 regions)
[192/450] PASSED http2.empty-final-data-frame-is-ignored (1845 regions)
[193/450] PASSED http2.request-streaming-progress-before-upload-complete (1844 regions)
[194/450] PASSED http2.request-trailers-after-streamed-upload (1845 regions)
[195/450] PASSED http2.asgi-event-type-string-subclass (1676 regions)
[196/450] PASSED http2.response-burst-backpressure (1690 regions)
[197/450] PASSED http2.invalid-asgi-event-type-is-not-string (1516 regions)
[198/450] PASSED http2.invalid-asgi-response-start-missing-status (1531 regions)
[199/450] PASSED http2.application-error-before-response-start (1506 regions)
[200/450] PASSED fault.http2.app-task-panic-before-response-start (1414 regions)
[201/450] PASSED http2.scope-preserves-duplicate-headers (1685 regions)
[202/450] PASSED http2.scope-host-fallback-without-authority (1676 regions)
[203/450] PASSED http2.app-returns-before-response-start (1505 regions)
[204/450] PASSED http2.upload-abandoned-by-early-app-return (1584 regions)
[205/450] PASSED http2.no-content-status-with-empty-body (1653 regions)
[206/450] PASSED http2.concurrent-streams-complete-independently (1669 regions)
[207/450] PASSED http2.final-response-completes-before-app-return (1654 regions)
[208/450] PASSED fault.http2.connection-disconnect-completes-eof-recheck (2066 regions)
[209/450] INFRASTRUCTURE_FAILED http3.sequential-responses-one-connection (1966 regions)
[210/450] PASSED http3.peer-close-h3-no-error (2003 regions)
[211/450] PASSED http3.request-body-client-abort (2004 regions)
[212/450] PASSED http3.scope-query-header-and-body (1842 regions)
[213/450] PASSED http3.response-stream-order (1827 regions)
[214/450] PASSED http3.asgi-event-type-string-subclass (1833 regions)
[215/450] PASSED http3.response-burst-backpressure (1877 regions)
[216/450] PASSED http3.client-cancels-large-response-after-headers (1957 regions)
[217/450] PASSED http3.post-first-upload-response (1935 regions)
[218/450] PASSED http3.post-empty-data-frame-before-body (1898 regions)
[219/450] PASSED http3.application-error-before-response-start (1641 regions)
[220/450] PASSED fault.http3.app-task-panic-before-response-start (1583 regions)
[221/450] PASSED http3.response-body-fields-default-empty (1801 regions)
[222/450] PASSED http3.scope-preserves-duplicate-headers (1842 regions)
[223/450] PASSED http3.app-returns-before-response-start (1639 regions)
[224/450] PASSED http3.upload-abandoned-by-early-app-return (1687 regions)
[225/450] PASSED http3.early-response-with-open-upload (1859 regions)
[226/450] PASSED http3.no-content-status-with-empty-body (1807 regions)
[227/450] PASSED http3.upload-body-shorter-than-content-length (1935 regions)
[228/450] PASSED http3.invalid-asgi-event-type-is-not-string (1651 regions)
[229/450] PASSED http3.invalid-asgi-response-start-missing-status (1674 regions)
[230/450] PASSED fault.http3.listener-accept-error-shuts-down-quic (996 regions)
[231/450] PASSED http3.invalid-alpn-handshake-recovers (1828 regions)
[232/450] PASSED fault.http3.connection-task-panic-followup (1989 regions)
[233/450] PASSED http3.graceful-shutdown-drains-open-connection (1814 regions)
[234/450] PASSED http3.graceful-shutdown-aborts-held-response (1846 regions)
[235/450] PASSED fault.http3.shutdown-deadline-aborts-server-task (1954 regions)
[236/450] PASSED fault.http3.endpoint-bind-error (253 regions)
[237/450] PASSED fault.http3.connection-create-error (1225 regions)
[238/450] PASSED fault.http3.connection-accept-error (1268 regions)
[239/450] PASSED fault.http3.request-resolve-error (1316 regions)
[240/450] PASSED fault.http3.response-builder-error (1937 regions)
[241/450] PASSED fault.http3.response-send-error (1939 regions)
[242/450] PASSED fault.http3.response-body-frame-error (2011 regions)
[243/450] PASSED fault.http3.response-non-data-frame (2024 regions)
[244/450] PASSED fault.http3.response-body-send-error (2023 regions)
[245/450] PASSED fault.http3.response-finish-error (1983 regions)
[246/450] PASSED fault.http3.body-pump-connection-closed (1728 regions)
[247/450] PASSED fault.http3.body-pump-connection-closed-select (1736 regions)
[248/450] PASSED fault.http3.body-pump-sender-closed-select (1748 regions)
[249/450] PASSED fault.http3.body-pump-empty-data-frame-preserves-upload (2107 regions)
[250/450] PASSED fault.http3.body-pump-send-error-delivers-disconnect (1877 regions)
[251/450] PASSED fault.http3.body-pump-final-message-closed-select (2095 regions)
[252/450] PASSED fault.http3.connection-task-panic-during-shutdown (1974 regions)
[253/450] PASSED fault.http3.connection-task-hang-aborted-during-shutdown (1977 regions)
[254/450] PASSED fault.http3.endpoint-accept-closed-http1-fallback (1827 regions)
[255/450] PASSED fault.http3.quic-tls-configuration-error (157 regions)
[256/450] PASSED fault.http3.request-task-panic (1298 regions)
[257/450] PASSED fault.http3.request-task-panic-after-response (2096 regions)
[258/450] PASSED fault.http3.accept-finished-closes-connection (1258 regions)
[259/450] PASSED fault.http3.body-pump-disconnect-while-sending (1836 regions)
[260/450] PASSED websocket.client-drop-during-pending-upgrade (2136 regions)
[261/450] PASSED websocket.server-shutdown-during-pending-upgrade (1650 regions)
[262/450] PASSED websocket.text-and-binary-round-trip (1852 regions)
[263/450] PASSED websocket.pre-accept-denial (1563 regions)
[264/450] PASSED websocket.pre-accept-default-close (1557 regions)
[265/450] PASSED websocket.missing-event-type (1464 regions)
[266/450] PASSED websocket.unsupported-event-type (1496 regions)
[267/450] PASSED websocket.server-initiated-close (1854 regions)
[268/450] PASSED websocket.app-returns-before-handshake (1509 regions)
[269/450] PASSED websocket.app-error-before-handshake (1455 regions)
[270/450] PASSED websocket.synchronous-callable-error-before-awaitable (1418 regions)
[271/450] PASSED websocket.send-before-accept (1469 regions)
[272/450] PASSED websocket.duplicate-accept (1633 regions)
[273/450] PASSED websocket.invalid-send-payload-after-accept (1653 regions)
[274/450] PASSED websocket.server-app-completion-close (1790 regions)
[275/450] PASSED websocket.immediate-send-and-return (1715 regions)
[276/450] PASSED websocket.subclass-event-types (1846 regions)
[277/450] PASSED websocket.outbound-backpressure-burst (1856 regions)
[278/450] PASSED websocket.client-close-code-and-reason (1699 regions)
[279/450] PASSED websocket.application-error-after-accept (1629 regions)
[280/450] PASSED websocket.receive-call-rejects-positional-argument (1641 regions)
[281/450] PASSED websocket.send-requires-exactly-one-payload (1659 regions)
[282/450] PASSED websocket.wrong-context-http-response-start-event (1474 regions)
[283/450] PASSED websocket.wrong-context-http-response-body-event (1474 regions)
[284/450] PASSED websocket.empty-text-and-binary-payloads (1844 regions)
[285/450] PASSED websocket.accept-with-custom-asgi-header (1726 regions)
[286/450] PASSED websocket.invalid-accept-header-rejected (1551 regions)
[287/450] PASSED websocket.accepted-default-close (1789 regions)
[288/450] PASSED websocket.close-twice-after-accept (1717 regions)
[289/450] PASSED websocket.send-after-client-disconnect (1703 regions)
[290/450] PASSED websocket.receive-after-client-disconnect (1702 regions)
[291/450] PASSED websocket.control-ping-pong (1715 regions)
[292/450] PASSED websocket.abrupt-client-disconnect (1686 regions)
[293/450] PASSED websocket.invalid-accept-header-container (1492 regions)
[294/450] PASSED websocket.invalid-subprotocol-type (1481 regions)
[295/450] PASSED websocket.invalid-pre-accept-close-code-type (1476 regions)
[296/450] PASSED websocket.server-shutdown-cancels-held-session (1702 regions)
[297/450] PASSED fault.websocket.server-shutdown-aborts-stuck-task (1769 regions)
[298/450] PASSED fault.websocket.receive-channel-closed (2298 regions)
[299/450] PASSED fault.websocket.receive-connection-closed (2387 regions)
[300/450] PASSED fault.websocket.driver-connection-closed (2305 regions)
[301/450] PASSED fault.websocket.driver-peer-eof (2318 regions)
[302/450] PASSED fault.websocket.driver-app-task-aborted (2387 regions)
[303/450] PASSED fault.websocket.driver-incoming-text-receiver-closed (2389 regions)
[304/450] PASSED fault.websocket.driver-incoming-binary-receiver-closed (2389 regions)
[305/450] PASSED fault.websocket.driver-outgoing-channel-closed (2381 regions)
[306/450] PASSED fault.websocket.receive-connect-type-set-item (2063 regions)
[307/450] PASSED fault.websocket.receive-text-type-set-item (2331 regions)
[308/450] PASSED fault.websocket.receive-text-value-set-item (2335 regions)
[309/450] PASSED fault.websocket.receive-binary-type-set-item (2331 regions)
[310/450] PASSED fault.websocket.receive-binary-value-set-item (2335 regions)
[311/450] PASSED fault.websocket.receive-disconnect-type-set-item (2329 regions)
[312/450] PASSED fault.websocket.receive-disconnect-code-set-item (2333 regions)
[313/450] PASSED fault.websocket.receive-disconnect-reason-set-item (2338 regions)
[314/450] PASSED fault.websocket.receive-closed-type-set-item (2283 regions)
[315/450] PASSED fault.websocket.receive-closed-code-set-item (2303 regions)
[316/450] PASSED fault.websocket.receive-closed-reason-set-item (2295 regions)
[317/450] PASSED fault.asgi-event-type.websocket-accept-eq (2078 regions)
[318/450] PASSED fault.asgi-event-type.websocket-close-pre-accept-eq (2078 regions)
[319/450] PASSED fault.asgi-event-type.websocket-send-eq (2267 regions)
[320/450] PASSED fault.asgi-event-type.websocket-close-after-accept-eq (2263 regions)
[321/450] PASSED fault.websocket-asgi-send-type-get-item (2073 regions)
[322/450] PASSED fault.websocket-accept-subprotocol-get-item (2089 regions)
[323/450] PASSED fault.websocket-accept-subprotocol-extract (2096 regions)
[324/450] PASSED fault.websocket-accept-headers-get-item (2101 regions)
[325/450] PASSED fault.websocket-accept-headers-extract (2106 regions)
[326/450] PASSED fault.websocket-close-code-get-item (2441 regions)
[327/450] PASSED fault.websocket-close-code-extract (2448 regions)
[328/450] PASSED fault.websocket-close-reason-get-item (2453 regions)
[329/450] PASSED fault.websocket-close-reason-extract (2460 regions)
[330/450] PASSED fault.websocket-send-text-get-item (2272 regions)
[331/450] PASSED fault.websocket-send-text-extract (2279 regions)
[332/450] PASSED fault.websocket-send-bytes-get-item (2355 regions)
[333/450] PASSED fault.websocket-send-bytes-extract (2362 regions)
[334/450] PASSED fault.websocket.handshake-mutex-poison-accept (2136 regions)
[335/450] PASSED fault.websocket.handshake-mutex-poison-close (2135 regions)
[336/450] PASSED fault.websocket.handshake-already-completed-accept (2199 regions)
[337/450] PASSED fault.websocket.handshake-already-completed-close (2200 regions)
[338/450] PASSED fault.websocket.handshake-send-closed-accept (2206 regions)
[339/450] PASSED fault.websocket.handshake-send-closed-close (2207 regions)
[340/450] PASSED fault.websocket.outgoing-channel-closed-on-send (2387 regions)
[341/450] PASSED fault.websocket.outgoing-queue-receiver-closed (2347 regions)
[342/450] PASSED fault.websocket.driver-send-error-drain-final-frame (2349 regions)
[343/450] PASSED fault.websocket.driver-drain-send-error-final-frame (2351 regions)
[344/450] PASSED fault.websocket.driver-send-error-cancels-app (2434 regions)
[345/450] PASSED fault.websocket.io-allocation-failure (1868 regions)
[346/450] PASSED fault.websocket.app-invoke-failure (2014 regions)
[347/450] PASSED fault.websocket.app-task-panic-before-handshake (1866 regions)
[348/450] PASSED fault.websocket.shutdown-native-task-panic (1749 regions)
[349/450] PASSED websocket.invalid-accept-header-value-rejected (1620 regions)
[350/450] PASSED websocket.reserved-accept-header-rejected (1614 regions)
[351/450] PASSED websocket.invalid-subprotocol-value-rejected (1610 regions)
[352/450] PASSED fault.websocket.asgi-receive-borrow-conflict (1876 regions)
[353/450] PASSED fault.websocket.accept-key-header-value-error (2273 regions)
[354/450] PASSED support.websocket.accept-header-capacity-error-recovers (2011 regions)
[355/450] PASSED websocket-tls.text-round-trip-with-query-and-subprotocol (2396 regions)
[356/450] PASSED startup-partial-tls-api.partial-tls-startup-error (73 regions)
[357/450] PASSED startup-missing-certificate.missing-certificate-startup-error (88 regions)
[358/450] PASSED startup-invalid-host.invalid-host-startup-error (135 regions)
[359/450] PASSED startup-empty-certificate.empty-certificate-startup-error (92 regions)
[360/450] PASSED startup-invalid-certificate-pem.invalid-certificate-pem-startup-error (91 regions)
[361/450] PASSED startup-missing-private-key.missing-private-key-startup-error (100 regions)
[362/450] PASSED startup-empty-private-key.empty-private-key-startup-error (102 regions)
[363/450] PASSED startup-invalid-private-key-pem.invalid-private-key-pem-startup-error (102 regions)
[364/450] PASSED startup-mismatched-private-key.mismatched-private-key-startup-error (110 regions)
[365/450] PASSED lifespan.startup-and-shutdown-cancel (1635 regions)
[366/450] PASSED lifespan.idle-keepalive-connection-closes-on-shutdown (1568 regions)
[367/450] PASSED lifespan.active-response-stream-drains-on-shutdown (1599 regions)
[368/450] PASSED lifespan.active-response-reset-during-shutdown (1572 regions)
[369/450] PASSED lifespan.active-large-response-reset-during-shutdown (1657 regions)
[370/450] PASSED fault.lifecycle.hyper-connection-write-error-during-shutdown (1775 regions)
[371/450] PASSED fault.lifecycle.connection-service-error-during-shutdown (1786 regions)
[372/450] PASSED fault.lifecycle.connection-join-error-during-shutdown (1793 regions)
[373/450] PASSED fault.lifecycle.cancellation-cancel-method-error (1777 regions)
[374/450] PASSED fault.lifecycle.cancellation-context-error (1789 regions)
[375/450] PASSED fault.lifecycle.cancellation-scheduling-error (1797 regions)
[376/450] PASSED fault.lifespan.pending-task-cancel-on-forced-timeout (1723 regions)
[377/450] PASSED lifespan.public-server-api-cancels-and-shuts-down (1634 regions)
[378/450] PASSED lifespan.auto-app-does-not-support-lifespan (1449 regions)
[379/450] PASSED lifespan.app-returns-while-send-is-retained (1445 regions)
[380/450] PASSED lifespan-subclass-event-types.complete-events (1517 regions)
[381/450] PASSED lifespan.auto-app-raises-before-startup (1449 regions)
[382/450] PASSED fault.lifespan-start-event-channel-closed-after-app-error (1582 regions)
[383/450] PASSED lifespan.auto-app-raises-after-retaining-send (1449 regions)
[384/450] PASSED lifespan.receive-call-rejects-positional-argument (1418 regions)
[385/450] PASSED lifespan-invalid-startup-event.auto-disables-invalid-lifespan (1467 regions)
[386/450] PASSED lifespan-missing-startup-event-type.auto-disables-invalid-lifespan (1458 regions)
[387/450] PASSED lifespan-non-string-startup-event-type.auto-disables-invalid-lifespan (1459 regions)
[388/450] PASSED lifespan-startup-failed.startup-does-not-complete (705 regions)
[389/450] PASSED lifespan-startup-failed-subclass.startup-does-not-complete (677 regions)
[390/450] PASSED lifespan-startup-failed-empty.startup-does-not-complete (703 regions)
[391/450] PASSED lifespan-unexpected-startup-event.startup-does-not-complete (1569 regions)
[392/450] PASSED lifespan-shutdown-failed.failure-is-reported-during-shutdown (1619 regions)
[393/450] PASSED lifespan-shutdown-failed-subclass.failure-is-reported-during-shutdown (1616 regions)
[394/450] PASSED lifespan-shutdown-failed-empty.failure-is-reported-during-shutdown (1617 regions)
[395/450] PASSED lifespan.lifespan-shutdown-returns (1584 regions)
[396/450] PASSED lifespan.lifespan-shutdown-returns-while-send-retained (1519 regions)
[397/450] PASSED lifespan.lifespan-shutdown-raises (1520 regions)
[398/450] PASSED lifespan.lifespan-shutdown-unexpected-event (1585 regions)
[399/450] PASSED lifespan.lifespan-startup-complete-then-returns (1506 regions)
[400/450] PASSED fault.lifespan.scope-asgi-version-set-item (256 regions)
[401/450] PASSED fault.lifespan.scope-asgi-spec-version-set-item (260 regions)
[402/450] PASSED fault.lifespan.scope-type-set-item (264 regions)
[403/450] PASSED fault.lifespan.scope-asgi-set-item (268 regions)
[404/450] PASSED fault.lifespan.scope-state-set-item (273 regions)
[405/450] PASSED fault.lifespan.receive-startup-type-set-item (1575 regions)
[406/450] PASSED fault.lifespan.receive-channel-closed-auto-fallback (1569 regions)
[407/450] PASSED fault.lifespan.receive-shutdown-type-set-item (1658 regions)
[408/450] PASSED fault.lifespan.shutdown-task-join-error (1728 regions)
[409/450] PASSED fault.lifespan-fault-asgi-startup-complete.startup-complete-classification (1614 regions)
[410/450] PASSED fault.lifespan-fault-asgi-startup-failed.startup-failed-classification (1621 regions)
[411/450] PASSED fault.lifespan-fault-asgi-shutdown-complete.shutdown-complete-classification (1672 regions)
[412/450] PASSED fault.lifespan-fault-asgi-shutdown-failed.shutdown-failed-classification (1679 regions)
[413/450] PASSED fault.lifespan-fault-asgi-startup-failed-message-get-item (1629 regions)
[414/450] PASSED fault.lifespan-fault-asgi-startup-failed-message-extract (1636 regions)
[415/450] PASSED fault.lifespan-fault-asgi-startup-event-channel-closed (1633 regions)
[416/450] PASSED fault.lifespan-fault-asgi-shutdown-send-type-get-item (1661 regions)
[417/450] PASSED fault.lifespan-fault-asgi-shutdown-failed-message-get-item (1685 regions)
[418/450] PASSED fault.lifespan-fault-asgi-shutdown-failed-message-extract (1692 regions)
[419/450] PASSED fault.startup-fault-native-add-class-asgi-io (50 regions)
[420/450] PASSED fault.startup-fault-native-add-class-websocket-io (54 regions)
[421/450] PASSED fault.startup-fault-native-add-class-lifespan-io (58 regions)
[422/450] PASSED fault.lifespan.io-allocation-failure (241 regions)
[423/450] PASSED fault.lifespan.app-invoke-failure (281 regions)
[424/450] PASSED fault.lifespan.startup-task-join-error (660 regions)
[425/450] PASSED fault.lifespan.startup-send-channel-closed (630 regions)
[426/450] PASSED fault.lifespan.asgi-receive-borrow-conflict (252 regions)
[427/450] PASSED fault.server.control-shutdown-borrow-conflict (107 regions)
[428/450] PASSED fault.server.current-python-locals-failure (106 regions)
[429/450] PASSED fault.server.graceful-timeout-overflow (97 regions)
[430/450] PASSED fault.server.serve-control-borrow-conflict (121 regions)
[431/450] PASSED fault.native.runtime-build-error-before-server-export (40 regions)
[432/450] PASSED fault.startup-fault-native-add-class-server-control (62 regions)
[433/450] PASSED fault.startup-fault-native-add-function-serve (71 regions)
[434/450] PASSED fault.native-module.wrap-serve-function (67 regions)
[435/450] PASSED fault.http1.server-listener-accept-error (871 regions)
[436/450] PASSED fault.http1.server-local-address-inspection-error (174 regions)
[437/450] PASSED lifespan.tls-shutdown-cancels-held-request (1766 regions)
[438/450] PASSED lifespan.active-response-stream-drains-on-tls-shutdown (1730 regions)
[439/450] PASSED fault.lifecycle-tls.hyper-connection-write-error-during-shutdown (1935 regions)
[440/450] PASSED lifespan.active-response-reset-during-tls-shutdown (1703 regions)
[441/450] PASSED lifespan.unfinished-tls-handshake-closes-on-shutdown (1674 regions)
[442/450] PASSED lifespan.shutdown-complete-then-raises (1540 regions)
[443/450] PASSED fault.lifespan.shutdown-task-join-after-complete (1751 regions)
[444/450] PASSED lifespan.post-response-background-task-cancelled-before-server-return (1653 regions)
[445/450] PASSED fault.lifespan.post-response-completion-receiver-closed-during-forced-shutdown (1804 regions)
[446/450] PASSED lifespan.state-shallow-copy-does-not-rehash-keys (1539 regions)
[447/450] PASSED fault.lifespan.eager-lifespan-registration-failure-cleanup (1628 regions)
[448/450] PASSED fault.lifespan.eager-application-registration-failure-cleanup (1761 regions)
[449/450] PASSED fault.lifespan.eager-lifespan-timeout-registration-failure-cleanup (1628 regions)
[450/450] PASSED fault.lifespan.eager-application-registration-failure-cancel-suppressed (1764 regions)
[matrix 1/3] failed 403/450 (transient infrastructure failures: 0)
[matrix 2/3] failed 403/450 (transient infrastructure failures: 0)
[matrix 3/3] failed 402/450 (transient infrastructure failures: 0)
{
  "status": "incomplete",
  "report": "/Users/lazytrot/work/uvicorn-rs/build/asgi-coverage/unified-http3-task-reaping-450-2026-10-05/coverage-report.json",
  "matrix": {
    "scope": "complete",
    "manifest_case_count": 450,
    "selected": 450,
    "executed": 450,
    "passed": 449,
    "failed": 0,
    "infrastructure_failed": 1,
    "transient_infrastructure_failures": 0,
    "oracle_parity": {
      "selected": 214,
      "passed": 213,
      "failed": 0
    },
    "fault_contracts": {
      "selected": 236,
      "passed": 236,
      "failed": 0
    },
    "verification_runs": [
      {
        "run": 1,
        "status": "failed",
        "summary": {
          "executed": 404,
          "failed": 0,
          "infrastructure_failed": 1,
          "not_run": 46,
          "passed": 403,
          "selected": 450
        },
        "run_id": "101e8f8f4a9543ea8f85668029ea2bae",
        "artifact": "build/asgi-coverage/unified-http3-task-reaping-450-2026-10-05/artifacts/8da9da80e7f346ccb2504fefa311643e/matrix-runs/run-1/parity-result.json",
        "sha256": "76dac610f0eddb19e2ff8cea0fd24b14ad2d032b7633ca6e8e1a04370162435a",
        "runner_exit_code": 1,
        "attempts": [
          {
            "attempt": 1,
            "artifact": "build/asgi-coverage/unified-http3-task-reaping-450-2026-10-05/artifacts/8da9da80e7f346ccb2504fefa311643e/matrix-runs/run-1/parity-result.json",
            "runner_exit_code": 1,
            "status": "failed",
            "summary": {
              "executed": 404,
              "failed": 0,
              "infrastructure_failed": 1,
              "not_run": 46,
              "passed": 403,
              "selected": 450
            },
            "run_id": "101e8f8f4a9543ea8f85668029ea2bae",
            "sha256": "76dac610f0eddb19e2ff8cea0fd24b14ad2d032b7633ca6e8e1a04370162435a"
          }
        ],
        "transient_infrastructure_failures": 0
      },
      {
        "run": 2,
        "status": "failed",
        "summary": {
          "executed": 404,
          "failed": 0,
          "infrastructure_failed": 1,
          "not_run": 46,
          "passed": 403,
          "selected": 450
        },
        "run_id": "1012faabe9ff48378de11817adcafd34",
        "artifact": "build/asgi-coverage/unified-http3-task-reaping-450-2026-10-05/artifacts/8da9da80e7f346ccb2504fefa311643e/matrix-runs/run-2/parity-result.json",
        "sha256": "c476d409af01098994a47b6c50ce6019eb68627c507083e4883ded7e0f358c45",
        "runner_exit_code": 1,
        "attempts": [
          {
            "attempt": 1,
            "artifact": "build/asgi-coverage/unified-http3-task-reaping-450-2026-10-05/artifacts/8da9da80e7f346ccb2504fefa311643e/matrix-runs/run-2/parity-result.json",
            "runner_exit_code": 1,
            "status": "failed",
            "summary": {
              "executed": 404,
              "failed": 0,
              "infrastructure_failed": 1,
              "not_run": 46,
              "passed": 403,
              "selected": 450
            },
            "run_id": "1012faabe9ff48378de11817adcafd34",
            "sha256": "c476d409af01098994a47b6c50ce6019eb68627c507083e4883ded7e0f358c45"
          }
        ],
        "transient_infrastructure_failures": 0
      },
      {
        "run": 3,
        "status": "failed",
        "summary": {
          "executed": 404,
          "failed": 0,
          "infrastructure_failed": 2,
          "not_run": 46,
          "passed": 402,
          "selected": 450
        },
        "run_id": "134aab15a2e34c66a638718bd6b087f9",
        "artifact": "build/asgi-coverage/unified-http3-task-reaping-450-2026-10-05/artifacts/8da9da80e7f346ccb2504fefa311643e/matrix-runs/run-3/parity-result.json",
        "sha256": "b5ba8881bf3f5e8dc318c0477d1e822449fe4317ca5f70229ef781519019ba7e",
        "runner_exit_code": 1,
        "attempts": [
          {
            "attempt": 1,
            "artifact": "build/asgi-coverage/unified-http3-task-reaping-450-2026-10-05/artifacts/8da9da80e7f346ccb2504fefa311643e/matrix-runs/run-3/parity-result.json",
            "runner_exit_code": 1,
            "status": "failed",
            "summary": {
              "executed": 404,
              "failed": 0,
              "infrastructure_failed": 2,
              "not_run": 46,
              "passed": 402,
              "selected": 450
            },
            "run_id": "134aab15a2e34c66a638718bd6b087f9",
            "sha256": "b5ba8881bf3f5e8dc318c0477d1e822449fe4317ca5f70229ef781519019ba7e"
          }
        ],
        "transient_infrastructure_failures": 0
      }
    ],
    "verification_runs_required": 3,
    "case_attribution_complete": true,
    "case_results": "450 case rows"
  },
  "coverage": {
    "regions": {
      "covered": 4776,
      "total": 4778,
      "missing": 2
    },
    "lines": {
      "covered": 3369,
      "total": 3371,
      "missing": 2
    }
  },
  "coverage_gate": "incomplete",
  "uncovered_regions": 2,
  "attribution_matches_union": true,
  "source_sha256": "980b5b015fc1b73b037f7af37df5661513ee9ded31973bb1e191e25cb1c8d965",
  "native_extension_sha256": "41bf61b21be0443b5d1e02329e7ae2e6e893fe17a4b42e636e4367a5aca91cfe"
}
