    Blocking waiting for file lock on package cache
    Blocking waiting for file lock on package cache
   Compiling libc v0.2.189
   Compiling proc-macro2 v1.0.107
   Compiling unicode-ident v1.0.26
   Compiling quote v1.0.47
    Checking cfg-if v1.0.5
    Checking pin-project-lite v0.2.17
   Compiling shlex v2.0.1
   Compiling find-msvc-tools v0.1.14
    Checking bytes v1.12.1
   Compiling version_check v0.9.5
    Checking futures-sink v0.3.34
    Checking futures-core v0.3.34
    Checking once_cell v1.21.4
    Checking slab v0.4.12
    Checking zeroize v1.9.0
   Compiling cfg_aliases v0.2.2
    Checking futures-io v0.3.34
   Compiling cc v1.5.1
   Compiling zerocopy v0.8.59
   Compiling getrandom v0.3.4
    Checking rustls-pki-types v1.15.1
    Checking untrusted v0.9.0
    Checking typenum v1.20.1
    Checking rand_core v0.10.1
    Checking memchr v2.8.3
    Checking itoa v1.0.18
   Compiling generic-array v0.14.7
   Compiling thiserror v2.0.21
    Checking tracing-core v0.1.36
    Checking futures-channel v0.3.34
    Checking futures-task v0.3.34
   Compiling rustls v0.23.45
   Compiling getrandom v0.4.3
    Checking http v1.5.0
    Checking tracing v0.1.44
    Checking subtle v2.6.1
    Checking chacha20 v0.10.2
   Compiling quinn-udp v0.5.16
   Compiling httparse v1.10.1
    Checking rand_pcg v0.10.2
   Compiling quinn v0.11.12
   Compiling serde_core v1.0.229
    Checking rustc-hash v2.1.3
   Compiling zmij v1.0.23
    Checking tinyvec v1.13.3
    Checking lru-slab v0.1.3
   Compiling syn v3.0.6
    Checking socket2 v0.6.5
    Checking mio v1.2.3
    Checking getrandom v0.2.17
    Checking rand_core v0.9.5
    Checking rand v0.10.3
    Checking cpufeatures v0.2.17
   Compiling ring v0.17.14
    Checking data-encoding v2.11.1
    Checking log v0.4.34
    Checking equivalent v1.0.2
   Compiling serde_json v1.0.151
    Checking fastrand v2.5.0
    Checking hashbrown v0.17.1
    Checking crypto-common v0.1.7
    Checking block-buffer v0.10.4
    Checking fnv v1.0.7
    Checking digest v0.10.7
    Checking atomic-waker v1.1.2
    Checking rustls-pemfile v2.2.0
    Checking sha1 v0.10.7
    Checking indexmap v2.14.2
   Compiling tokio-macros v2.7.2
   Compiling futures-macro v0.3.34
   Compiling thiserror-impl v2.0.21
    Checking ppv-lite86 v0.2.21
    Checking tokio v1.53.1
    Checking futures-util v0.3.34
    Checking rand_chacha v0.9.0
    Checking rand v0.9.5
    Checking rustls-webpki v0.103.15
    Checking tungstenite v0.29.0
    Checking futures-executor v0.3.34
    Checking futures v0.3.34
    Checking quinn-proto v0.11.19
    Checking tokio-util v0.7.19
    Checking h3 v0.0.8
    Checking tokio-tungstenite v0.29.0
    Checking tokio-rustls v0.26.6
    Checking h2 v0.4.19
    Checking h3-quinn v0.0.10
    Checking uvicorn-rs-http3-probe v0.1.0 (/Users/lazytrot/work/uvicorn-rs/tools/http3-probe)
    Finished `dev` profile [unoptimized + debuginfo] target(s) in 8.10s
