Using CPython 3.12.13
Creating virtual environment at: target/release-parity-environment-2026-10-05
Installed 28 packages in 21ms
 + aioquic==1.3.0
 + anyio==4.15.1
 + attrs==26.1.0
 + certifi==2026.7.22
 + cffi==2.1.1
 + click==8.5.0
 + cryptography==50.0.2
 + h11==0.16.0
 + h2==4.4.1
 + hpack==4.2.0
 + httptools==0.8.0
 + hypercorn==0.18.0
 + hyperframe==6.1.0
 + idna==3.20
 + priority==2.0.0
 + psutil==7.2.2
 + pycparser==3.0
 + pylsqpack==0.3.24
 + pyopenssl==26.4.0
 + python-dotenv==1.2.4
 + pyyaml==6.0.3
 + service-identity==26.1.0
 + typing-extensions==4.16.0
 + uvicorn==0.54.0
 + uvloop==0.23.0
 + watchfiles==1.3.0
 + websockets==17.1
 + wsproto==1.3.2
