🍹 Building a mixed python/rust project
🐍 Found CPython 3.12 at /Users/lazytrot/work/uvicorn-rs/.venv/bin/python
🔗 Found pyo3 bindings with abi3-py3.9 support
📡 Using build options features from pyproject.toml
💻 Using `MACOSX_DEPLOYMENT_TARGET=11.0` for aarch64-apple-darwin by default
   Compiling libc v0.2.189
   Compiling proc-macro2 v1.0.107
   Compiling unicode-ident v1.0.26
   Compiling quote v1.0.47
   Compiling pin-project-lite v0.2.17
   Compiling cfg-if v1.0.5
   Compiling bytes v1.12.1
   Compiling futures-core v0.3.34
   Compiling slab v0.4.12
   Compiling once_cell v1.21.4
   Compiling futures-io v0.3.34
   Compiling futures-sink v0.3.34
   Compiling futures-channel v0.3.34
   Compiling shlex v2.0.1
   Compiling find-msvc-tools v0.1.14
   Compiling memchr v2.8.3
   Compiling futures-task v0.3.34
   Compiling target-lexicon v0.13.5
   Compiling itoa v1.0.18
   Compiling version_check v0.9.5
   Compiling tracing-core v0.1.36
   Compiling zeroize v1.9.0
   Compiling cc v1.5.1
   Compiling http v1.5.0
   Compiling thiserror v2.0.21
   Compiling cfg_aliases v0.2.2
   Compiling generic-array v0.14.7
   Compiling tracing v0.1.44
   Compiling getrandom v0.3.4
   Compiling rustls-pki-types v1.15.1
   Compiling ring v0.17.14
   Compiling typenum v1.20.1
   Compiling untrusted v0.9.0
   Compiling rand_core v0.10.1
   Compiling zerocopy v0.8.59
   Compiling httparse v1.10.1
   Compiling rustls v0.23.45
   Compiling getrandom v0.4.3
   Compiling subtle v2.6.1
   Compiling chacha20 v0.10.2
   Compiling quinn-udp v0.5.16
   Compiling hashbrown v0.17.1
   Compiling heck v0.5.0
   Compiling equivalent v1.0.2
   Compiling indexmap v2.14.2
   Compiling rand_pcg v0.10.2
   Compiling http-body v1.1.0
   Compiling quinn v0.11.12
   Compiling atomic-waker v1.1.2
   Compiling lru-slab v0.1.3
   Compiling fnv v1.0.7
   Compiling tinyvec v1.13.3
   Compiling rustc-hash v2.1.3
   Compiling smallvec v1.16.2
   Compiling data-encoding v2.11.1
   Compiling log v0.4.34
   Compiling httpdate v1.0.3
   Compiling crypto-common v0.1.7
   Compiling block-buffer v0.10.4
   Compiling fastrand v2.5.0
   Compiling digest v0.10.7
   Compiling http-body-util v0.1.5
   Compiling rustls-pemfile v2.2.0
   Compiling percent-encoding v2.3.2
   Compiling socket2 v0.6.5
   Compiling mio v1.2.3
   Compiling getrandom v0.2.17
   Compiling cpufeatures v0.2.17
   Compiling rand_core v0.9.5
   Compiling sha1 v0.10.7
   Compiling ppv-lite86 v0.2.21
   Compiling rand_chacha v0.9.0
   Compiling rand v0.9.5
   Compiling syn v3.0.6
   Compiling syn v2.0.119
   Compiling pyo3-build-config v0.29.3
   Compiling pyo3-ffi v0.29.3
   Compiling pyo3 v0.29.3
   Compiling tokio-macros v2.7.2
   Compiling futures-macro v0.3.34
   Compiling thiserror-impl v2.0.21
   Compiling pyo3-macros-backend v0.29.3
   Compiling tokio v1.53.1
   Compiling futures-util v0.3.34
   Compiling pyo3-macros v0.29.3
   Compiling rand v0.10.3
   Compiling rustls-webpki v0.103.15
   Compiling futures-executor v0.3.34
   Compiling futures v0.3.34
   Compiling tokio-util v0.7.19
   Compiling h3 v0.0.8
   Compiling h2 v0.4.19
   Compiling tungstenite v0.29.0
   Compiling tokio-tungstenite v0.29.0
   Compiling hyper v1.11.1
   Compiling hyper-util v0.1.21
   Compiling quinn-proto v0.11.19
   Compiling tokio-rustls v0.26.6
   Compiling h3-quinn v0.0.10
   Compiling pyo3-async-runtimes v0.29.0
   Compiling uvicorn-rs v0.1.0 (/Users/lazytrot/work/uvicorn-rs)
    Finished `release` profile [optimized] target(s) in 16.30s
📦 Built wheel for abi3 Python ≥ 3.9 to target/release-local-2026-10-05/uvicorn_rs-0.1.0-cp39-abi3-macosx_11_0_arm64.whl
