    Finished `release` profile [optimized] target(s) in 0.17s
{"workload": "protocol-scope", "server": "hypercorn-uvloop", "repetition": 1, "requests": 4903, "duration_seconds": 2.001256041, "requests_per_second": 2449.961, "request_body_bytes": 4903, "response_body_bytes": 68642, "response_data_chunks": 4903, "application_bytes_per_second": 36749.421, "p50_ms": 1.556667, "p95_ms": 1.848584, "p99_ms": 2.028958, "failures": 0, "first_failure": null, "server_cpu_percent_mean": 76.75555555555556, "server_cpu_percent_max": 89.8, "server_rss_peak_mib": 91.671875, "client_cpu_percent_mean": 18.1375, "client_rss_peak_mib": 4.546875}
{"workload": "protocol-scope", "server": "uvicorn-rs-asyncio", "repetition": 1, "requests": 44414, "duration_seconds": 2.000185583, "requests_per_second": 22204.94, "request_body_bytes": 44414, "response_body_bytes": 621796, "response_data_chunks": 44414, "application_bytes_per_second": 333074.094, "p50_ms": 0.173625, "p95_ms": 0.25775, "p99_ms": 0.332833, "failures": 0, "first_failure": null, "server_cpu_percent_mean": 151.63333333333333, "server_cpu_percent_max": 174.1, "server_rss_peak_mib": 203.328125, "client_cpu_percent_mean": 105.125, "client_rss_peak_mib": 5.75}
{"workload": "protocol-scope", "server": "hypercorn-asyncio", "repetition": 1, "requests": 4719, "duration_seconds": 2.001472292, "requests_per_second": 2357.764, "request_body_bytes": 4719, "response_body_bytes": 66066, "response_data_chunks": 4719, "application_bytes_per_second": 35366.465, "p50_ms": 1.674417, "p95_ms": 1.939, "p99_ms": 2.095583, "failures": 0, "first_failure": null, "server_cpu_percent_mean": 79.67777777777778, "server_cpu_percent_max": 92.6, "server_rss_peak_mib": 89.75, "client_cpu_percent_mean": 17.575, "client_rss_peak_mib": 4.5}
{"workload": "protocol-scope", "server": "uvicorn-rs-uvloop", "repetition": 1, "requests": 52560, "duration_seconds": 2.000063625, "requests_per_second": 26279.164, "request_body_bytes": 52560, "response_body_bytes": 735840, "response_data_chunks": 52560, "application_bytes_per_second": 394187.46, "p50_ms": 0.139833, "p95_ms": 0.21575, "p99_ms": 0.323209, "failures": 0, "first_failure": null, "server_cpu_percent_mean": 156.25555555555556, "server_cpu_percent_max": 187.5, "server_rss_peak_mib": 245.75, "client_cpu_percent_mean": 123.75, "client_rss_peak_mib": 5.96875}
{"workload": "protocol-scope", "server": "uvicorn-rs-asyncio", "repetition": 2, "requests": 47052, "duration_seconds": 2.000108625, "requests_per_second": 23524.722, "request_body_bytes": 47052, "response_body_bytes": 658728, "response_data_chunks": 47052, "application_bytes_per_second": 352870.835, "p50_ms": 0.1595, "p95_ms": 0.260417, "p99_ms": 0.355958, "failures": 0, "first_failure": null, "server_cpu_percent_mean": 153.51111111111112, "server_cpu_percent_max": 182.7, "server_rss_peak_mib": 214.390625, "client_cpu_percent_mean": 106.7875, "client_rss_peak_mib": 5.84375}
{"workload": "protocol-scope", "server": "hypercorn-uvloop", "repetition": 2, "requests": 4841, "duration_seconds": 2.001195083, "requests_per_second": 2419.055, "request_body_bytes": 4841, "response_body_bytes": 67774, "response_data_chunks": 4841, "application_bytes_per_second": 36285.818, "p50_ms": 1.593833, "p95_ms": 1.938459, "p99_ms": 2.307125, "failures": 0, "first_failure": null, "server_cpu_percent_mean": 77.06666666666666, "server_cpu_percent_max": 89.9, "server_rss_peak_mib": 90.8125, "client_cpu_percent_mean": 18.525000000000002, "client_rss_peak_mib": 4.5625}
{"workload": "protocol-scope", "server": "uvicorn-rs-uvloop", "repetition": 2, "requests": 50628, "duration_seconds": 2.000078917, "requests_per_second": 25313.001, "request_body_bytes": 50628, "response_body_bytes": 708792, "response_data_chunks": 50628, "application_bytes_per_second": 379695.018, "p50_ms": 0.146083, "p95_ms": 0.247083, "p99_ms": 0.356334, "failures": 0, "first_failure": null, "server_cpu_percent_mean": 154.63333333333333, "server_cpu_percent_max": 183.9, "server_rss_peak_mib": 229.59375, "client_cpu_percent_mean": 122.2125, "client_rss_peak_mib": 5.90625}
{"workload": "protocol-scope", "server": "hypercorn-asyncio", "repetition": 2, "requests": 4814, "duration_seconds": 2.001364, "requests_per_second": 2405.36, "request_body_bytes": 4814, "response_body_bytes": 67396, "response_data_chunks": 4814, "application_bytes_per_second": 36080.393, "p50_ms": 1.64475, "p95_ms": 1.910875, "p99_ms": 2.050417, "failures": 0, "first_failure": null, "server_cpu_percent_mean": 80.26666666666667, "server_cpu_percent_max": 92.7, "server_rss_peak_mib": 88.625, "client_cpu_percent_mean": 17.7625, "client_rss_peak_mib": 4.5}
{"workload": "protocol-scope", "server": "hypercorn-uvloop", "repetition": 3, "requests": 5092, "duration_seconds": 2.001475125, "requests_per_second": 2544.124, "request_body_bytes": 5092, "response_body_bytes": 71288, "response_data_chunks": 5092, "application_bytes_per_second": 38161.853, "p50_ms": 1.541458, "p95_ms": 1.805125, "p99_ms": 1.955375, "failures": 0, "first_failure": null, "server_cpu_percent_mean": 77.65555555555555, "server_cpu_percent_max": 89.9, "server_rss_peak_mib": 88.890625, "client_cpu_percent_mean": 18.2625, "client_rss_peak_mib": 4.53125}
{"workload": "protocol-scope", "server": "uvicorn-rs-uvloop", "repetition": 3, "requests": 56796, "duration_seconds": 2.000096875, "requests_per_second": 28396.625, "request_body_bytes": 56796, "response_body_bytes": 795144, "response_data_chunks": 56796, "application_bytes_per_second": 425949.368, "p50_ms": 0.13625, "p95_ms": 0.193959, "p99_ms": 0.235459, "failures": 0, "first_failure": null, "server_cpu_percent_mean": 164.32222222222222, "server_cpu_percent_max": 188.0, "server_rss_peak_mib": 254.375, "client_cpu_percent_mean": 130.25, "client_rss_peak_mib": 5.984375}
{"workload": "protocol-scope", "server": "hypercorn-asyncio", "repetition": 3, "requests": 4750, "duration_seconds": 2.0011995, "requests_per_second": 2373.576, "request_body_bytes": 4750, "response_body_bytes": 66500, "response_data_chunks": 4750, "application_bytes_per_second": 35603.647, "p50_ms": 1.656333, "p95_ms": 1.933958, "p99_ms": 2.105667, "failures": 0, "first_failure": null, "server_cpu_percent_mean": 80.14444444444445, "server_cpu_percent_max": 92.9, "server_rss_peak_mib": 88.75, "client_cpu_percent_mean": 17.7625, "client_rss_peak_mib": 4.546875}
{"workload": "protocol-scope", "server": "uvicorn-rs-asyncio", "repetition": 3, "requests": 45610, "duration_seconds": 2.000105, "requests_per_second": 22803.803, "request_body_bytes": 45610, "response_body_bytes": 638540, "response_data_chunks": 45610, "application_bytes_per_second": 342057.042, "p50_ms": 0.16975, "p95_ms": 0.245916, "p99_ms": 0.314875, "failures": 0, "first_failure": null, "server_cpu_percent_mean": 152.88888888888889, "server_cpu_percent_max": 175.9, "server_rss_peak_mib": 207.578125, "client_cpu_percent_mean": 106.6125, "client_rss_peak_mib": 5.8125}
{"workload": "fixed", "server": "uvicorn-rs-asyncio", "repetition": 1, "requests": 46295, "duration_seconds": 2.000134625, "requests_per_second": 23145.942, "request_body_bytes": 46295, "response_body_bytes": 555540, "response_data_chunks": 46295, "application_bytes_per_second": 300897.246, "p50_ms": 0.168458, "p95_ms": 0.237417, "p99_ms": 0.288208, "failures": 0, "first_failure": null, "server_cpu_percent_mean": 154.05555555555554, "server_cpu_percent_max": 177.5, "server_rss_peak_mib": 210.890625, "client_cpu_percent_mean": 108.4, "client_rss_peak_mib": 5.875}
{"workload": "fixed", "server": "hypercorn-uvloop", "repetition": 1, "requests": 5055, "duration_seconds": 2.001397084, "requests_per_second": 2525.736, "request_body_bytes": 5055, "response_body_bytes": 60660, "response_data_chunks": 5055, "application_bytes_per_second": 32834.564, "p50_ms": 1.370084, "p95_ms": 1.794875, "p99_ms": 2.426459, "failures": 0, "first_failure": null, "server_cpu_percent_mean": 76.75555555555556, "server_cpu_percent_max": 89.1, "server_rss_peak_mib": 90.171875, "client_cpu_percent_mean": 18.45, "client_rss_peak_mib": 4.515625}
{"workload": "fixed", "server": "uvicorn-rs-uvloop", "repetition": 1, "requests": 57224, "duration_seconds": 2.000064292, "requests_per_second": 28611.08, "request_body_bytes": 57224, "response_body_bytes": 686688, "response_data_chunks": 57224, "application_bytes_per_second": 371944.043, "p50_ms": 0.132417, "p95_ms": 0.203458, "p99_ms": 0.265875, "failures": 0, "first_failure": null, "server_cpu_percent_mean": 160.53333333333333, "server_cpu_percent_max": 187.4, "server_rss_peak_mib": 254.53125, "client_cpu_percent_mean": 127.85, "client_rss_peak_mib": 6.015625}
{"workload": "fixed", "server": "hypercorn-asyncio", "repetition": 1, "requests": 3998, "duration_seconds": 2.001330458, "requests_per_second": 1997.671, "request_body_bytes": 3998, "response_body_bytes": 47976, "response_data_chunks": 3998, "application_bytes_per_second": 25969.724, "p50_ms": 1.670958, "p95_ms": 2.577584, "p99_ms": 8.877333, "failures": 0, "first_failure": null, "server_cpu_percent_mean": 72.86666666666666, "server_cpu_percent_max": 91.9, "server_rss_peak_mib": 89.9375, "client_cpu_percent_mean": 16.3875, "client_rss_peak_mib": 4.484375}
Traceback (most recent call last):
  File "/Users/lazytrot/work/uvicorn-rs/scripts/run_h3_category_bench.py", line 306, in main
    metrics = sample(
              ^^^^^^^
  File "/Users/lazytrot/work/uvicorn-rs/scripts/run_h3_category_bench.py", line 231, in sample
    raise RuntimeError(
RuntimeError: HTTP/3 client failed:
{"requests":271,"duration_seconds":5.114145417,"requests_per_second":52.990,"request_body_bytes":275,"response_body_bytes":3264,"response_data_chunks":272,"application_bytes_per_second":692.002,"p50_ms":1.647875,"p95_ms":1.984292,"p99_ms":2.213667,"failures":4,"first_failure":"response body length 0 did not match expected 12"}

Error: "HTTP/3 benchmark correctness gate failed"

server output:
/Users/lazytrot/work/uvicorn-rs/.venv/lib/python3.12/site-packages/hypercorn/asyncio/task_group.py:32: RuntimeWarning: coroutine 'QuicProtocol._handle_timer' was never awaited
  await config.log.exception("Error in ASGI Framework")
RuntimeWarning: Enable tracemalloc to get the object allocation traceback


The above exception was the direct cause of the following exception:

Traceback (most recent call last):
  File "/Users/lazytrot/work/uvicorn-rs/scripts/run_h3_category_bench.py", line 369, in <module>
    main()
  File "/Users/lazytrot/work/uvicorn-rs/scripts/run_h3_category_bench.py", line 311, in main
    raise RuntimeError(
RuntimeError: HTTP/3 case failed: workload=fixed, server=hypercorn-uvloop, repetition=2: HTTP/3 client failed:
{"requests":271,"duration_seconds":5.114145417,"requests_per_second":52.990,"request_body_bytes":275,"response_body_bytes":3264,"response_data_chunks":272,"application_bytes_per_second":692.002,"p50_ms":1.647875,"p95_ms":1.984292,"p99_ms":2.213667,"failures":4,"first_failure":"response body length 0 did not match expected 12"}

Error: "HTTP/3 benchmark correctness gate failed"

server output:
/Users/lazytrot/work/uvicorn-rs/.venv/lib/python3.12/site-packages/hypercorn/asyncio/task_group.py:32: RuntimeWarning: coroutine 'QuicProtocol._handle_timer' was never awaited
  await config.log.exception("Error in ASGI Framework")
RuntimeWarning: Enable tracemalloc to get the object allocation traceback

