--- uvicorn server log ---
/Users/lazytrot/work/uvicorn-rs/.venv/lib/python3.12/site-packages/uvicorn/protocols/websockets/websockets_impl.py:41: UvicornDeprecationWarning: The `websockets` implementation is deprecated, and `--ws websockets` will point at the `websockets-sansio` implementation in a future release. Use `--ws websockets-sansio` or `--ws auto` to switch now.
  warnings.warn(
ERROR:    Exception in ASGI application
Traceback (most recent call last):
  File "/Users/lazytrot/work/uvicorn-rs/.venv/lib/python3.12/site-packages/uvicorn/protocols/websockets/websockets_impl.py", line 257, in run_asgi
    result = await self.app(self.scope, self.asgi_receive, self.asgi_send)  # type: ignore[func-returns-value]
             ^^^^^^^^^^^^^^^^^^^^^^^^^^^^^^^^^^^^^^^^^^^^^^^^^^^^^^^^^^^^^
  File "/Users/lazytrot/work/uvicorn-rs/.venv/lib/python3.12/site-packages/uvicorn/middleware/proxy_headers.py", line 63, in __call__
    return await self.app(scope, receive, send)
           ^^^^^^^^^^^^^^^^^^^^^^^^^^^^^^^^^^^^
  File "/Users/lazytrot/work/uvicorn-rs/tests/parity/app.py", line 217, in _app_impl
    await send({"text": "missing event type"})
  File "/Users/lazytrot/work/uvicorn-rs/.venv/lib/python3.12/site-packages/uvicorn/protocols/websockets/websockets_impl.py", line 279, in asgi_send
    if message["type"] == "websocket.accept":
       ~~~~~~~^^^^^^^^
KeyError: 'type'

--- uvicorn-rs server log ---
Traceback (most recent call last):
  File "/Users/lazytrot/work/uvicorn-rs/python/uvicorn_rs/_bridge.py", line 16, in invoke
    await app(scope, receive, send)
  File "/Users/lazytrot/work/uvicorn-rs/tests/parity/app.py", line 217, in _app_impl
    await send({"text": "missing event type"})
  File "/Users/lazytrot/work/uvicorn-rs/python/uvicorn_rs/_bridge.py", line 12, in send
    pending = io.send(message)
              ^^^^^^^^^^^^^^^^
ValueError: ASGI message is missing 'type'

