Task exception was never retrieved
future: <Task finished name='Task-3' coro=<UDPServer.run() done, defined at /Users/lazytrot/work/uvicorn-rs/.venv/lib/python3.12/site-packages/hypercorn/asyncio/udp_server.py:45> exception=ExceptionGroup('unhandled errors in a TaskGroup', [KeyError(4140)])>
  + Exception Group Traceback (most recent call last):
  |   File "/Users/lazytrot/work/uvicorn-rs/.venv/lib/python3.12/site-packages/hypercorn/asyncio/udp_server.py", line 51, in run
  |     async with TaskGroup(self.loop) as task_group:
  |                ^^^^^^^^^^^^^^^^^^^^
  |   File "/Users/lazytrot/work/uvicorn-rs/.venv/lib/python3.12/site-packages/hypercorn/asyncio/task_group.py", line 75, in __aexit__
  |     await self._task_group.__aexit__(exc_type, exc_value, tb)
  |   File "/Users/lazytrot/.local/share/uv/python/cpython-3.12.13-macos-aarch64-none/lib/python3.12/asyncio/taskgroups.py", line 71, in __aexit__
  |     return await self._aexit(et, exc)
  |            ^^^^^^^^^^^^^^^^^^^^^^^^^^
  |   File "/Users/lazytrot/.local/share/uv/python/cpython-3.12.13-macos-aarch64-none/lib/python3.12/asyncio/taskgroups.py", line 164, in _aexit
  |     raise BaseExceptionGroup(
  | ExceptionGroup: unhandled errors in a TaskGroup (1 sub-exception)
  +-+---------------- 1 ----------------
    | Traceback (most recent call last):
    |   File "/Users/lazytrot/work/uvicorn-rs/.venv/lib/python3.12/site-packages/hypercorn/asyncio/udp_server.py", line 64, in run
    |     await self.protocol.handle(event)
    |   File "/Users/lazytrot/work/uvicorn-rs/.venv/lib/python3.12/site-packages/hypercorn/protocol/quic.py", line 103, in handle
    |     await self._handle_events(connection, event.address)
    |   File "/Users/lazytrot/work/uvicorn-rs/.venv/lib/python3.12/site-packages/hypercorn/protocol/quic.py", line 147, in _handle_events
    |     await connection.h3.handle(event)
    |   File "/Users/lazytrot/work/uvicorn-rs/.venv/lib/python3.12/site-packages/hypercorn/protocol/h3.py", line 64, in handle
    |     await self.streams[event.stream_id].handle(
    |           ~~~~~~~~~~~~^^^^^^^^^^^^^^^^^
    | KeyError: 4140
    +------------------------------------
