PASS http1: http1.scope-query-header-and-body
PASS http1: http1.put-method-scope-and-body
PASS http1: http1.absolute-form-target-preserves-raw-headers
PASS http1: http1.sync-callable-returns-awaitable
PASS http1: http1.response-stream-order
PASS http1: http1.response-body-queued-after-start-yield
PASS http1: http1.response-body-pending-then-complete
PASS http1: fault.http1.response-start-and-final-body-queued-after-task-wins-select
PASS http1: fault.http1.response-body-queued-after-receiver-pending
PASS http1: http1.response-first-chunk-before-app-completion
PASS http1: http1.response-reset-after-first-streamed-chunk
PASS http1: http1.response-reset-cancels-held-application
PASS http1: http1.request-upload-stream
PASS http1: http1.request-streaming-progress-before-upload-complete
PASS http1: http1.concurrent-request-receives-complete
PASS http1: fault.http1.concurrent-request-receives-after-lock-contention
PASS http1: http1.application-error
PASS http1: http1.synchronous-callable-error-before-awaitable
PASS http1: http1.receive-call-rejects-positional-argument
PASS http1: http1.application-status-404
PASS http1: http1.client-disconnect-event
PASS http1: http1.disconnect-after-response-start-send-error
PASS http1: http1.post-empty-body
PASS http1: http1.request-trailers-after-streamed-upload
PASS http1: http1.asgi-event-type-string-subclass
PASS http1: http1.invalid-asgi-missing-event-type
PASS http1: http1.invalid-asgi-unknown-event-type
PASS http1: http1.invalid-asgi-body-before-start
PASS http1: http1.response-burst-backpressure
PASS http1: http1.response-burst-backpressure-large-body
PASS http1: http1.response-before-upload-drained
PASS http1: http1.scope-encoded-path-and-query
PASS http1: http1.response-body-fields-default-empty
PASS http1: http1.invalid-response-header-name
PASS http1: http1.invalid-response-header-value
PASS http1: http1.invalid-asgi-event-type-is-not-string
PASS http1: http1.invalid-asgi-response-start-missing-status
PASS http1: http1.invalid-asgi-response-status-range
PASS http1: http1.invalid-asgi-response-status-type
PASS http1: http1.invalid-asgi-response-headers-container
PASS http1: http1.invalid-asgi-response-body-type
PASS http1: http1.duplicate-response-start
PASS http1: http1.response-start-then-app-error
PASS http1: http1.response-body-incomplete
PASS http1: http1.final-body-then-app-error
PASS http1: http1.request-body-drained-after-early-response
PASS http1: http1.disconnect-is-repeatable
PASS http1: http1.disconnect-remains-repeatable-after-repeated-receive
PASS http1: http1.wrong-context-websocket-accept-event
PASS http1: http1.wrong-context-websocket-close-event
PASS http1: http1.wrong-context-websocket-send-event
PASS http1: http1.wrong-context-lifespan-startup-complete-event
PASS http1: http1.wrong-context-lifespan-startup-failed-event
PASS http1: http1.wrong-context-lifespan-shutdown-complete-event
PASS http1: http1.wrong-context-lifespan-shutdown-failed-event
PASS http1: http1.upload-remains-after-one-asgi-receive
PASS http1: http1.upload-remains-unread-after-early-response
PASS http1: http1.app-returns-before-response-start
PASS http1: http1.percent-encoded-invalid-utf8-path
PASS http1: http1.connection-upgrade-token-without-upgrade
PASS http1: http1.websocket-upgrade-without-connection-token
PASS http1: http1.websocket-upgrade-with-whitespace-token
PASS http1: http1.websocket-upgrade-missing-key
PASS http1: http1.websocket-upgrade-invalid-key
PASS http1: http1.websocket-upgrade-key-incorrect-padding
PASS http1: http1.websocket-upgrade-key-excess-padding
PASS http1: http1.websocket-upgrade-key-discontinuous-padding
PASS http1: http1.websocket-upgrade-key-missing-padding
PASS http1: http1.websocket-upgrade-key-excess-canonical-padding
PASS http1: http1.websocket-upgrade-key-wrong-decoded-size
PASS http1: http1.websocket-upgrade-key-valid-single-padding-wrong-size
PASS http1: http1.websocket-upgrade-missing-version
PASS http1: http1.websocket-upgrade-wrong-version
PASS http1: http1.websocket-upgrade-empty-version
PASS http1: http1.websocket-upgrade-empty-key
PASS http1: http1.websocket-upgrade-duplicate-key
PASS http1: http1.persistent-connection-two-requests
PASS http1: http1.head-streamed-response-suppresses-body
PASS http1: http1.no-content-status-with-empty-body
PASS http1: http1.scope-reports-http-1-0
PASS http1: http1.scope-http-1-0-without-host-header
PASS http1: http1.disconnect-before-request-body
PASS http1: http1.reset-during-incomplete-request-body
PASS http1: http1.disconnect-before-first-asgi-receive
PASS http1: http1.disconnect-after-complete-request-while-receive-waits
PASS http1: fault.http1.scope-asgi-version-memory-error
PASS http1: fault.http1.scope-http-asgi-spec-version-set-item
PASS http1: fault.http1.scope-http-type-set-item
PASS http1: fault.http1.scope-http-asgi-set-item
PASS http1: fault.http1.scope-http-http-version-set-item
PASS http1: fault.http1.scope-http-method-set-item
PASS http1: fault.http1.scope-http-scheme-set-item
PASS http1: fault.http1.scope-http-path-set-item
PASS http1: fault.http1.scope-http-raw-path-set-item
PASS http1: fault.http1.scope-http-query-string-set-item
PASS http1: fault.http1.scope-http-root-path-set-item
PASS http1: fault.http1.scope-http-headers-append
PASS http1: fault.http1.scope-http-headers-set-item
PASS http1: fault.http1.scope-http-client-set-item
PASS http1: fault.http1.scope-http-server-set-item
PASS http1: fault.http1.scope-state-copy-set-item
PASS http1: fault.http1.scope-state-set-item
PASS http1: fault.http1.scope-websocket-asgi-version-set-item
PASS http1: fault.http1.scope-websocket-asgi-spec-version-set-item
PASS http1: fault.http1.scope-websocket-type-set-item
PASS http1: fault.http1.scope-websocket-asgi-set-item
PASS http1: fault.http1.scope-websocket-http-version-set-item
PASS http1: fault.http1.scope-websocket-method-set-item
PASS http1: fault.http1.scope-websocket-scheme-set-item
PASS http1: fault.http1.scope-websocket-path-set-item
PASS http1: fault.http1.scope-websocket-raw-path-set-item
PASS http1: fault.http1.scope-websocket-query-string-set-item
PASS http1: fault.http1.scope-websocket-root-path-set-item
PASS http1: fault.http1.scope-websocket-headers-append
PASS http1: fault.http1.scope-websocket-headers-set-item
PASS http1: fault.http1.scope-websocket-subprotocols-set-item
PASS http1: fault.http1.scope-websocket-client-set-item
PASS http1: fault.http1.scope-websocket-server-set-item
PASS http1: fault.http1.request-type-set-item
PASS http1: fault.http1.request-body-set-item
PASS http1: fault.http1.request-more-body-set-item
PASS http1: fault.http1.connection-task-service-error
PASS http1: fault.http1.connection-task-join-error
PASS http1: fault.http1.connection-task-service-await-error
PASS http1: fault.http1.connection-task-join-await-error
PASS http1: fault.http1.connection-task-service-select-result
PASS http1: fault.http1.connection-task-join-select-result
PASS http1: fault.http1.request-disconnect-type-set-item
PASS http1: fault.http1.immediate-disconnect-message-error
PASS http1: fault.http1.response-start-task-wins-select
PASS http1: fault.asgi-event-type.http-response-start-eq
PASS http1: fault.asgi-event-type.http-response-body-eq
PASS http1: fault.asgi-event-type.extract
PASS http1: fault.http-asgi-send-type-get-item
PASS http1: fault.http-response-body-body-extract
PASS http1: fault.http-response-body-body-get-item
PASS http1: fault.http-response-body-more-body-extract
PASS http1: fault.http-response-body-more-body-get-item
PASS http1: fault.http-response-start-headers-extract
PASS http1: fault.http-response-start-headers-get-item
PASS http1: fault.http-response-start-status-extract
PASS http1: fault.http-response-start-status-get-item
PASS http1: fault.http1.python-task-starter-import-asyncio
PASS http1: fault.http1.python-task-starter-ensure-future
PASS http1: fault.http1.python-task-starter-add-done-callback
PASS http1: http1.malformed-chunk-body-becomes-asgi-disconnect
PASS http1: fault.http1.response-start-channel-closed
PASS http1: fault.http1.response-body-channel-closed
PASS http1: fault.http1.response-body-consumer-pause-backpressure
PASS http1: fault.http1.incomplete-body-consumer-pause-preserves-chunk
PASS http1: fault.http1.task-panic-after-final-response-body
PASS http1: fault.http1.task-panic-before-final-response-body
PASS http1: fault.http1.app-task-panic-before-response-start
PASS http1: fault.http1.python-task-starter-task-sender-missing
PASS http1: fault.http1.python-task-future-task-receiver-closed
PASS http1: fault.http1.python-task-future-starter-allocation
PASS http1: fault.http1.python-task-future-context-set-item
PASS http1: fault.http1.python-task-future-schedule-call
PASS http1: fault.http1.python-task-completion-result-receiver-closed
PASS http1: fault.http1.asgi-io-allocation-failure
PASS http1: fault.http1.app-invoke-failure
PASS http1: fault.http1.python-task-completion-allocation
PASS http1: fault.http1.empty-request-channel-closed
PASS http1: fault.websocket.scope-state-copy-set-item
PASS http1: fault.websocket.scope-state-set-item
PASS http1: http1.final-response-completes-before-app-return
PASS http1: fault.http1.asgi-receive-borrow-conflict
PASS http1: http1.response-burst-queued-after-pending
PASS http1: fault.http1.response-burst-queued-after-receiver-pending
PASS http1: fault.http1.reset-cancels-before-task-handle-delivery
PASS http1: fault.http1.upload-disconnect-during-data-send
PASS http1: fault.http1.upload-disconnect-before-final-message
PASS http1: fault.http1.upload-disconnect-after-final-message
PASS http1: fault.http1.receive-disconnect-before-future-poll
PASS http1: fault.http1.python-task-starter-inline-completion
PASS http1: fault.http1.python-task-starter-inline-completion-registration-error
PASS http1: http.application-task-cleanup-observer-sees-held-task-and-cancellation
PASS http1: fault.http1.python-task-starter-inline-completion-borrow-conflict
PASS http1: fault.http1.python-task-starter-registration-error-borrow-conflict
PASS http1: fault.http1.python-task-starter-registration-success-borrow-conflict
PASS http1: fault.http1.python-task-starter-failure-cleanup-schedule-error
PASS http1: fault.http1.python-task-starter-prelude-close-error
PASS http1: fault.http1.reset-before-body-worker-first-poll
PASS http1: support.http1.response-header-capacity-error-recovers
PASS http1-tls: http1-tls.scope-reports-https
PASS http1-tls: http1-tls.response-body-incomplete
PASS http2: http2.scope-query-header-and-body
PASS http2: http2.response-stream-order
PASS http2: http2.response-first-chunk-before-app-completion
PASS http2: http2.response-stream-reset-cancels-app
PASS http2: http2.request-upload-stream
PASS http2: http2.empty-final-data-frame-is-ignored
PASS http2: http2.request-streaming-progress-before-upload-complete
PASS http2: http2.request-trailers-after-streamed-upload
PASS http2: http2.asgi-event-type-string-subclass
PASS http2: http2.response-burst-backpressure
PASS http2: http2.invalid-asgi-event-type-is-not-string
PASS http2: http2.invalid-asgi-response-start-missing-status
PASS http2: http2.application-error-before-response-start
PASS http2: fault.http2.app-task-panic-before-response-start
PASS http2: http2.scope-preserves-duplicate-headers
PASS http2: http2.scope-host-fallback-without-authority
PASS http2: http2.app-returns-before-response-start
PASS http2: http2.upload-abandoned-by-early-app-return
PASS http2: http2.no-content-status-with-empty-body
PASS http2: http2.concurrent-streams-complete-independently
PASS http2: http2.final-response-completes-before-app-return
PASS http2: fault.http2.connection-disconnect-completes-eof-recheck
ERROR http3: http3.sequential-responses-one-connection: oracle hypercorn adapter failed: HTTP/3 sequence did not reach its live-connection result barrier: HTTP/3 probe: QUIC connected
HTTP/3 probe: HTTP/3 connection ready
Error: Elapsed(()); diagnostic={"events": ["lifespan.startup"], "server_log": ""}
PASS http3: fault.http3.listener-accept-error-shuts-down-quic
PASS http3: fault.http3.endpoint-bind-error
PASS http3: fault.http3.endpoint-accept-closed-http1-fallback
PASS http3: fault.http3.quic-tls-configuration-error
PASS websocket: websocket.client-drop-during-pending-upgrade
PASS websocket: websocket.text-and-binary-round-trip
PASS websocket: websocket.pre-accept-denial
PASS websocket: websocket.pre-accept-default-close
PASS websocket: websocket.missing-event-type
PASS websocket: websocket.unsupported-event-type
PASS websocket: websocket.server-initiated-close
PASS websocket: websocket.app-returns-before-handshake
PASS websocket: websocket.app-error-before-handshake
PASS websocket: websocket.synchronous-callable-error-before-awaitable
PASS websocket: websocket.send-before-accept
PASS websocket: websocket.duplicate-accept
PASS websocket: websocket.invalid-send-payload-after-accept
PASS websocket: websocket.server-app-completion-close
PASS websocket: websocket.immediate-send-and-return
PASS websocket: websocket.subclass-event-types
PASS websocket: websocket.outbound-backpressure-burst
PASS websocket: websocket.client-close-code-and-reason
PASS websocket: websocket.application-error-after-accept
PASS websocket: websocket.receive-call-rejects-positional-argument
PASS websocket: websocket.send-requires-exactly-one-payload
PASS websocket: websocket.wrong-context-http-response-start-event
PASS websocket: websocket.wrong-context-http-response-body-event
PASS websocket: websocket.empty-text-and-binary-payloads
PASS websocket: websocket.accept-with-custom-asgi-header
PASS websocket: websocket.invalid-accept-header-rejected
PASS websocket: websocket.accepted-default-close
PASS websocket: websocket.close-twice-after-accept
PASS websocket: websocket.send-after-client-disconnect
PASS websocket: websocket.receive-after-client-disconnect
PASS websocket: websocket.control-ping-pong
PASS websocket: websocket.abrupt-client-disconnect
PASS websocket: websocket.invalid-accept-header-container
PASS websocket: websocket.invalid-subprotocol-type
PASS websocket: websocket.invalid-pre-accept-close-code-type
PASS websocket: fault.websocket.receive-channel-closed
PASS websocket: fault.websocket.receive-connection-closed
PASS websocket: fault.websocket.driver-connection-closed
PASS websocket: fault.websocket.driver-peer-eof
PASS websocket: fault.websocket.driver-app-task-aborted
PASS websocket: fault.websocket.driver-incoming-text-receiver-closed
PASS websocket: fault.websocket.driver-incoming-binary-receiver-closed
PASS websocket: fault.websocket.driver-outgoing-channel-closed
PASS websocket: fault.websocket.receive-connect-type-set-item
PASS websocket: fault.websocket.receive-text-type-set-item
PASS websocket: fault.websocket.receive-text-value-set-item
PASS websocket: fault.websocket.receive-binary-type-set-item
PASS websocket: fault.websocket.receive-binary-value-set-item
PASS websocket: fault.websocket.receive-disconnect-type-set-item
PASS websocket: fault.websocket.receive-disconnect-code-set-item
PASS websocket: fault.websocket.receive-disconnect-reason-set-item
PASS websocket: fault.websocket.receive-closed-type-set-item
PASS websocket: fault.websocket.receive-closed-code-set-item
PASS websocket: fault.websocket.receive-closed-reason-set-item
PASS websocket: fault.asgi-event-type.websocket-accept-eq
PASS websocket: fault.asgi-event-type.websocket-close-pre-accept-eq
PASS websocket: fault.asgi-event-type.websocket-send-eq
PASS websocket: fault.asgi-event-type.websocket-close-after-accept-eq
PASS websocket: fault.websocket-asgi-send-type-get-item
PASS websocket: fault.websocket-accept-subprotocol-get-item
PASS websocket: fault.websocket-accept-subprotocol-extract
PASS websocket: fault.websocket-accept-headers-get-item
PASS websocket: fault.websocket-accept-headers-extract
PASS websocket: fault.websocket-close-code-get-item
PASS websocket: fault.websocket-close-code-extract
PASS websocket: fault.websocket-close-reason-get-item
PASS websocket: fault.websocket-close-reason-extract
PASS websocket: fault.websocket-send-text-get-item
PASS websocket: fault.websocket-send-text-extract
PASS websocket: fault.websocket-send-bytes-get-item
PASS websocket: fault.websocket-send-bytes-extract
PASS websocket: fault.websocket.handshake-mutex-poison-accept
PASS websocket: fault.websocket.handshake-mutex-poison-close
PASS websocket: fault.websocket.handshake-already-completed-accept
PASS websocket: fault.websocket.handshake-already-completed-close
PASS websocket: fault.websocket.handshake-send-closed-accept
PASS websocket: fault.websocket.handshake-send-closed-close
PASS websocket: fault.websocket.outgoing-channel-closed-on-send
PASS websocket: fault.websocket.outgoing-queue-receiver-closed
PASS websocket: fault.websocket.driver-send-error-drain-final-frame
PASS websocket: fault.websocket.driver-drain-send-error-final-frame
PASS websocket: fault.websocket.driver-send-error-cancels-app
PASS websocket: fault.websocket.io-allocation-failure
PASS websocket: fault.websocket.app-invoke-failure
PASS websocket: fault.websocket.app-task-panic-before-handshake
PASS websocket: websocket.invalid-accept-header-value-rejected
PASS websocket: websocket.reserved-accept-header-rejected
PASS websocket: websocket.invalid-subprotocol-value-rejected
PASS websocket: fault.websocket.asgi-receive-borrow-conflict
PASS websocket: fault.websocket.accept-key-header-value-error
PASS websocket: support.websocket.accept-header-capacity-error-recovers
PASS websocket: websocket.server-shutdown-during-pending-upgrade
PASS websocket: websocket.server-shutdown-cancels-held-session
PASS websocket: fault.websocket.server-shutdown-aborts-stuck-task
PASS websocket: fault.websocket.shutdown-native-task-panic
ERROR websocket-tls: websocket-tls.text-round-trip-with-query-and-subprotocol: oracle uvicorn adapter failed: timed out while waiting for handshake response; diagnostic={"events": ["lifespan.startup"], "server_log": "/Users/lazytrot/work/uvicorn-rs/.venv/lib/python3.12/site-packages/uvicorn/protocols/websockets/websockets_impl.py:41: UvicornDeprecationWarning: The `websockets` implementation is deprecated, and `--ws websockets` will point at the `websockets-sansio` implementation in a future release. Use `--ws websockets-sansio` or `--ws auto` to switch now.\n  warnings.warn(\n"}
PASS startup-partial-tls-api: startup-partial-tls-api.partial-tls-startup-error
PASS startup-missing-certificate: startup-missing-certificate.missing-certificate-startup-error
PASS startup-invalid-host: startup-invalid-host.invalid-host-startup-error
PASS startup-empty-certificate: startup-empty-certificate.empty-certificate-startup-error
PASS startup-invalid-certificate-pem: startup-invalid-certificate-pem.invalid-certificate-pem-startup-error
PASS startup-missing-private-key: startup-missing-private-key.missing-private-key-startup-error
PASS startup-empty-private-key: startup-empty-private-key.empty-private-key-startup-error
PASS startup-invalid-private-key-pem: startup-invalid-private-key-pem.invalid-private-key-pem-startup-error
PASS startup-mismatched-private-key: startup-mismatched-private-key.mismatched-private-key-startup-error
PASS lifecycle: lifespan.startup-and-shutdown-cancel
PASS lifecycle: lifespan.idle-keepalive-connection-closes-on-shutdown
PASS lifecycle: lifespan.active-response-stream-drains-on-shutdown
PASS lifecycle: lifespan.active-response-reset-during-shutdown
PASS lifecycle: lifespan.active-large-response-reset-during-shutdown
PASS lifecycle: fault.lifecycle.hyper-connection-write-error-during-shutdown
PASS lifecycle: fault.lifecycle.connection-service-error-during-shutdown
PASS lifecycle: fault.lifecycle.connection-join-error-during-shutdown
PASS lifecycle: fault.lifecycle.cancellation-cancel-method-error
PASS lifecycle: fault.lifecycle.cancellation-context-error
PASS lifecycle: fault.lifecycle.cancellation-scheduling-error
PASS lifecycle-tls: lifespan.tls-shutdown-cancels-held-request
PASS lifecycle-tls: lifespan.active-response-stream-drains-on-tls-shutdown
PASS lifecycle-tls: fault.lifecycle-tls.hyper-connection-write-error-during-shutdown
PASS lifecycle-tls: lifespan.active-response-reset-during-tls-shutdown
PASS lifecycle-tls: lifespan.unfinished-tls-handshake-closes-on-shutdown
PASS lifespan-fault-shutdown-cancel: fault.lifespan.pending-task-cancel-on-forced-timeout
PASS lifecycle-server-api: lifespan.public-server-api-cancels-and-shuts-down
PASS lifecycle-owned-loop: lifespan.post-response-background-task-cancelled-before-server-return
PASS lifecycle-owned-loop: fault.lifespan.post-response-completion-receiver-closed-during-forced-shutdown
PASS lifespan-no-support: lifespan.auto-app-does-not-support-lifespan
PASS lifespan-retained-send: lifespan.app-returns-while-send-is-retained
PASS lifespan-subclass-event-types: lifespan-subclass-event-types.complete-events
PASS lifespan-no-support-error: lifespan.auto-app-raises-before-startup
PASS lifespan-fault-start-event-channel-closed: fault.lifespan-start-event-channel-closed-after-app-error
PASS lifespan-no-support-error-retained: lifespan.auto-app-raises-after-retaining-send
PASS lifespan-receive-wrong-signature: lifespan.receive-call-rejects-positional-argument
PASS lifespan-invalid-startup-event: lifespan-invalid-startup-event.auto-disables-invalid-lifespan
PASS lifespan-missing-startup-event-type: lifespan-missing-startup-event-type.auto-disables-invalid-lifespan
PASS lifespan-non-string-startup-event-type: lifespan-non-string-startup-event-type.auto-disables-invalid-lifespan
PASS lifespan-startup-failed: lifespan-startup-failed.startup-does-not-complete
PASS lifespan-startup-failed-subclass: lifespan-startup-failed-subclass.startup-does-not-complete
PASS lifespan-startup-failed-empty: lifespan-startup-failed-empty.startup-does-not-complete
PASS lifespan-unexpected-startup-event: lifespan-unexpected-startup-event.startup-does-not-complete
PASS lifespan-shutdown-failed: lifespan-shutdown-failed.failure-is-reported-during-shutdown
PASS lifespan-shutdown-failed-subclass: lifespan-shutdown-failed-subclass.failure-is-reported-during-shutdown
PASS lifespan-shutdown-failed-empty: lifespan-shutdown-failed-empty.failure-is-reported-during-shutdown
PASS lifespan-shutdown-returns: lifespan.lifespan-shutdown-returns
PASS lifespan-shutdown-returns-retained: lifespan.lifespan-shutdown-returns-while-send-retained
PASS lifespan-shutdown-raises: lifespan.lifespan-shutdown-raises
PASS lifespan-shutdown-unexpected-event: lifespan.lifespan-shutdown-unexpected-event
PASS lifespan-startup-complete-then-returns: lifespan.lifespan-startup-complete-then-returns
PASS lifespan-fault-scope-asgi-version: fault.lifespan.scope-asgi-version-set-item
PASS lifespan-fault-scope-asgi-spec-version: fault.lifespan.scope-asgi-spec-version-set-item
PASS lifespan-fault-scope-type: fault.lifespan.scope-type-set-item
PASS lifespan-fault-scope-asgi: fault.lifespan.scope-asgi-set-item
PASS lifespan-fault-scope-state: fault.lifespan.scope-state-set-item
PASS lifespan-fault-receive-startup: fault.lifespan.receive-startup-type-set-item
PASS lifespan-fault-receive-startup: fault.lifespan.receive-channel-closed-auto-fallback
PASS lifespan-fault-shutdown-receive: fault.lifespan.receive-shutdown-type-set-item
PASS lifespan-fault-shutdown-receive: fault.lifespan.shutdown-task-join-error
PASS lifespan-fault-asgi-startup-complete: fault.lifespan-fault-asgi-startup-complete.startup-complete-classification
PASS lifespan-fault-asgi-startup-failed: fault.lifespan-fault-asgi-startup-failed.startup-failed-classification
PASS lifespan-fault-asgi-shutdown-complete: fault.lifespan-fault-asgi-shutdown-complete.shutdown-complete-classification
PASS lifespan-fault-asgi-shutdown-failed: fault.lifespan-fault-asgi-shutdown-failed.shutdown-failed-classification
PASS lifespan-fault-asgi-startup-failed-message-get-item: fault.lifespan-fault-asgi-startup-failed-message-get-item
PASS lifespan-fault-asgi-startup-failed-message-extract: fault.lifespan-fault-asgi-startup-failed-message-extract
PASS lifespan-fault-asgi-startup-event-channel-closed: fault.lifespan-fault-asgi-startup-event-channel-closed
PASS lifespan-fault-asgi-shutdown-send-type-get-item: fault.lifespan-fault-asgi-shutdown-send-type-get-item
PASS lifespan-fault-asgi-shutdown-failed-message-get-item: fault.lifespan-fault-asgi-shutdown-failed-message-get-item
PASS lifespan-fault-asgi-shutdown-failed-message-extract: fault.lifespan-fault-asgi-shutdown-failed-message-extract
PASS startup-fault-native-add-class-asgi-io: fault.startup-fault-native-add-class-asgi-io
PASS startup-fault-native-add-class-websocket-io: fault.startup-fault-native-add-class-websocket-io
PASS startup-fault-native-add-class-lifespan-io: fault.startup-fault-native-add-class-lifespan-io
PASS startup-fault-lifespan-bridge: fault.lifespan.io-allocation-failure
PASS startup-fault-lifespan-bridge: fault.lifespan.app-invoke-failure
PASS startup-fault-lifespan-bridge: fault.lifespan.startup-task-join-error
PASS startup-fault-lifespan-bridge: fault.lifespan.startup-send-channel-closed
PASS startup-fault-lifespan-bridge: fault.lifespan.asgi-receive-borrow-conflict
PASS startup-fault-lifespan-bridge: fault.server.control-shutdown-borrow-conflict
PASS startup-fault-lifespan-bridge: fault.server.current-python-locals-failure
PASS startup-fault-lifespan-bridge: fault.server.graceful-timeout-overflow
PASS startup-fault-lifespan-bridge: fault.server.serve-control-borrow-conflict
PASS startup-fault-lifespan-bridge: fault.native.runtime-build-error-before-server-export
PASS startup-fault-native-add-class-server-control: fault.startup-fault-native-add-class-server-control
PASS startup-fault-native-add-function-serve: fault.startup-fault-native-add-function-serve
PASS startup-fault-native-add-function-serve: fault.native-module.wrap-serve-function
PASS startup-fault-listener-accept: fault.http1.server-listener-accept-error
PASS startup-fault-listener-accept: fault.http1.server-local-address-inspection-error
PASS lifespan-shutdown-complete-then-raises: lifespan.shutdown-complete-then-raises
PASS lifespan-fault-asgi-shutdown-task-join-after-complete: fault.lifespan.shutdown-task-join-after-complete
PASS lifespan-state-copy-rehash: lifespan.state-shallow-copy-does-not-rehash-keys
PASS lifecycle-owned-loop-eager: fault.lifespan.eager-application-registration-failure-cleanup
PASS lifecycle-owned-loop-eager: fault.lifespan.eager-application-registration-failure-cancel-suppressed
PASS lifecycle-owned-loop-eager: fault.lifespan.eager-lifespan-registration-failure-cleanup
PASS lifecycle-owned-loop-eager: fault.lifespan.eager-lifespan-timeout-registration-failure-cleanup
{
  "status": "failed",
  "summary": {
    "selected": 450,
    "executed": 404,
    "passed": 402,
    "failed": 0,
    "not_run": 46,
    "infrastructure_failed": 2
  },
  "result": "/Users/lazytrot/work/uvicorn-rs/build/asgi-coverage/unified-http3-task-reaping-450-2026-10-05/artifacts/8da9da80e7f346ccb2504fefa311643e/matrix-runs/run-3/parity-result.json"
}
