{"server": "uvicorn-uvloop-httptools", "repetition": 1, "cold_start_to_first_lifespan_request_ms": 67.86279240623116, "idle_sigterm_to_process_exit_ms": 203.1232500448823, "active_sigterm_to_process_exit_ms": 2.1869330420158803, "active_asgi_task_cancelled": true, "sampled_server_rss_mib": 30.546875}
{"server": "uvicorn-rs-asyncio", "repetition": 1, "cold_start_to_first_lifespan_request_ms": 43.31304179504514, "idle_sigterm_to_process_exit_ms": 10.557124856859446, "active_sigterm_to_process_exit_ms": 2.0604785000905395, "active_asgi_task_cancelled": true, "sampled_server_rss_mib": 22.34375}
{"server": "uvicorn-asyncio-h11", "repetition": 1, "cold_start_to_first_lifespan_request_ms": 73.9874579012394, "idle_sigterm_to_process_exit_ms": 233.0186669714749, "active_sigterm_to_process_exit_ms": 2.167334250174463, "active_asgi_task_cancelled": true, "sampled_server_rss_mib": 28.484375}
{"server": "uvicorn-rs-uvloop", "repetition": 1, "cold_start_to_first_lifespan_request_ms": 44.754541013389826, "idle_sigterm_to_process_exit_ms": 10.545082855969667, "active_sigterm_to_process_exit_ms": 2.0204491247422993, "active_asgi_task_cancelled": true, "sampled_server_rss_mib": 23.609375}
{"server": "uvicorn-rs-asyncio", "repetition": 2, "cold_start_to_first_lifespan_request_ms": 31.697457656264305, "idle_sigterm_to_process_exit_ms": 10.553583037108183, "active_sigterm_to_process_exit_ms": 2.0406250418163836, "active_asgi_task_cancelled": true, "sampled_server_rss_mib": 22.125}
{"server": "uvicorn-uvloop-httptools", "repetition": 2, "cold_start_to_first_lifespan_request_ms": 73.3157079666853, "idle_sigterm_to_process_exit_ms": 249.58424968644977, "active_sigterm_to_process_exit_ms": 2.1776428329758346, "active_asgi_task_cancelled": true, "sampled_server_rss_mib": 30.625}
{"server": "uvicorn-rs-uvloop", "repetition": 2, "cold_start_to_first_lifespan_request_ms": 42.43729216977954, "idle_sigterm_to_process_exit_ms": 10.550832841545343, "active_sigterm_to_process_exit_ms": 2.0107693327590823, "active_asgi_task_cancelled": true, "sampled_server_rss_mib": 23.609375}
{"server": "uvicorn-asyncio-h11", "repetition": 2, "cold_start_to_first_lifespan_request_ms": 68.76162486150861, "idle_sigterm_to_process_exit_ms": 202.76870904490352, "active_sigterm_to_process_exit_ms": 2.1662664161995053, "active_asgi_task_cancelled": true, "sampled_server_rss_mib": 28.390625}
{"server": "uvicorn-uvloop-httptools", "repetition": 3, "cold_start_to_first_lifespan_request_ms": 75.83379186689854, "idle_sigterm_to_process_exit_ms": 231.76616709679365, "active_sigterm_to_process_exit_ms": 2.192690999712795, "active_asgi_task_cancelled": true, "sampled_server_rss_mib": 30.71875}
{"server": "uvicorn-rs-uvloop", "repetition": 3, "cold_start_to_first_lifespan_request_ms": 47.4650003015995, "idle_sigterm_to_process_exit_ms": 10.558082722127438, "active_sigterm_to_process_exit_ms": 2.049375416710973, "active_asgi_task_cancelled": true, "sampled_server_rss_mib": 23.34375}
{"server": "uvicorn-asyncio-h11", "repetition": 3, "cold_start_to_first_lifespan_request_ms": 73.36458284407854, "idle_sigterm_to_process_exit_ms": 208.59533362090588, "active_sigterm_to_process_exit_ms": 2.1775225419551134, "active_asgi_task_cancelled": true, "sampled_server_rss_mib": 28.609375}
{"server": "uvicorn-rs-asyncio", "repetition": 3, "cold_start_to_first_lifespan_request_ms": 38.99258282035589, "idle_sigterm_to_process_exit_ms": 10.562250390648842, "active_sigterm_to_process_exit_ms": 2.04548424994573, "active_asgi_task_cancelled": true, "sampled_server_rss_mib": 22.40625}
{"server": "uvicorn-rs-asyncio", "repetition": 4, "cold_start_to_first_lifespan_request_ms": 47.646207734942436, "idle_sigterm_to_process_exit_ms": 10.545083787292242, "active_sigterm_to_process_exit_ms": 2.049062917008996, "active_asgi_task_cancelled": true, "sampled_server_rss_mib": 22.5}
{"server": "uvicorn-uvloop-httptools", "repetition": 4, "cold_start_to_first_lifespan_request_ms": 75.60904137790203, "idle_sigterm_to_process_exit_ms": 201.8554168753326, "active_sigterm_to_process_exit_ms": 2.1569653330370784, "active_asgi_task_cancelled": true, "sampled_server_rss_mib": 30.09375}
{"server": "uvicorn-rs-uvloop", "repetition": 4, "cold_start_to_first_lifespan_request_ms": 54.327833000570536, "idle_sigterm_to_process_exit_ms": 9.187374729663134, "active_sigterm_to_process_exit_ms": 2.0616244999691844, "active_asgi_task_cancelled": true, "sampled_server_rss_mib": 24.390625}
{"server": "uvicorn-asyncio-h11", "repetition": 4, "cold_start_to_first_lifespan_request_ms": 70.59841603040695, "idle_sigterm_to_process_exit_ms": 252.15341709554195, "active_sigterm_to_process_exit_ms": 2.1498728753067553, "active_asgi_task_cancelled": true, "sampled_server_rss_mib": 28.65625}
{"server": "uvicorn-uvloop-httptools", "repetition": 5, "cold_start_to_first_lifespan_request_ms": 66.78999960422516, "idle_sigterm_to_process_exit_ms": 208.62849988043308, "active_sigterm_to_process_exit_ms": 2.1529418751597404, "active_asgi_task_cancelled": true, "sampled_server_rss_mib": 30.328125}
{"server": "uvicorn-rs-uvloop", "repetition": 5, "cold_start_to_first_lifespan_request_ms": 47.362000215798616, "idle_sigterm_to_process_exit_ms": 10.585874784737825, "active_sigterm_to_process_exit_ms": 2.045861375052482, "active_asgi_task_cancelled": true, "sampled_server_rss_mib": 23.5}
{"server": "uvicorn-rs-asyncio", "repetition": 5, "cold_start_to_first_lifespan_request_ms": 43.44187490642071, "idle_sigterm_to_process_exit_ms": 10.577624663710594, "active_sigterm_to_process_exit_ms": 2.055090125184506, "active_asgi_task_cancelled": true, "sampled_server_rss_mib": 22.140625}
{"server": "uvicorn-asyncio-h11", "repetition": 5, "cold_start_to_first_lifespan_request_ms": 81.34066686034203, "idle_sigterm_to_process_exit_ms": 243.78562485799193, "active_sigterm_to_process_exit_ms": 2.15660999994725, "active_asgi_task_cancelled": true, "sampled_server_rss_mib": 29.625}
Wrote benchmarks/results/full-provisional-20261002T151807Z/lifecycle.json
