    Finished `release` profile [optimized] target(s) in 0.08s
{"workload": "protocol-scope", "server": "hypercorn-uvloop", "repetition": 1, "requests": 5303, "duration_seconds": 2.024180458, "requests_per_second": 2619.826, "request_body_bytes": 5303, "response_body_bytes": 74242, "response_data_chunks": 5303, "application_bytes_per_second": 39297.386, "p50_ms": 1.478625, "p95_ms": 1.699167, "p99_ms": 1.840875, "failures": 0, "first_failure": null, "server_cpu_percent_mean": 76.62222222222222, "server_cpu_percent_max": 89.7, "server_rss_peak_mib": 88.390625, "client_cpu_percent_mean": 17.8125, "client_rss_peak_mib": 4.5}
{"workload": "protocol-scope", "server": "uvicorn-rs-asyncio", "repetition": 1, "requests": 48088, "duration_seconds": 2.000114541, "requests_per_second": 24042.623, "request_body_bytes": 48088, "response_body_bytes": 673232, "response_data_chunks": 48088, "application_bytes_per_second": 360639.346, "p50_ms": 0.163792, "p95_ms": 0.22025, "p99_ms": 0.255334, "failures": 0, "first_failure": null, "server_cpu_percent_mean": 155.43333333333334, "server_cpu_percent_max": 179.3, "server_rss_peak_mib": 219.15625, "client_cpu_percent_mean": 110.6375, "client_rss_peak_mib": 5.890625}
{"workload": "protocol-scope", "server": "hypercorn-asyncio", "repetition": 1, "requests": 4899, "duration_seconds": 2.001294958, "requests_per_second": 2447.915, "request_body_bytes": 4899, "response_body_bytes": 68586, "response_data_chunks": 4899, "application_bytes_per_second": 36718.725, "p50_ms": 1.592833, "p95_ms": 1.863208, "p99_ms": 1.979584, "failures": 0, "first_failure": null, "server_cpu_percent_mean": 79.38888888888889, "server_cpu_percent_max": 92.6, "server_rss_peak_mib": 86.71875, "client_cpu_percent_mean": 17.4125, "client_rss_peak_mib": 4.515625}
{"workload": "protocol-scope", "server": "uvicorn-rs-uvloop", "repetition": 1, "requests": 57649, "duration_seconds": 2.000092042, "requests_per_second": 28823.174, "request_body_bytes": 57649, "response_body_bytes": 807086, "response_data_chunks": 57649, "application_bytes_per_second": 432347.603, "p50_ms": 0.134542, "p95_ms": 0.184916, "p99_ms": 0.221708, "failures": 0, "first_failure": null, "server_cpu_percent_mean": 163.55555555555557, "server_cpu_percent_max": 190.0, "server_rss_peak_mib": 258.8125, "client_cpu_percent_mean": 131.25, "client_rss_peak_mib": 6.125}
{"workload": "protocol-scope", "server": "uvicorn-rs-asyncio", "repetition": 2, "requests": 47286, "duration_seconds": 2.000100708, "requests_per_second": 23641.81, "request_body_bytes": 47286, "response_body_bytes": 662004, "response_data_chunks": 47286, "application_bytes_per_second": 354627.143, "p50_ms": 0.166667, "p95_ms": 0.223667, "p99_ms": 0.260209, "failures": 0, "first_failure": null, "server_cpu_percent_mean": 155.27777777777777, "server_cpu_percent_max": 178.8, "server_rss_peak_mib": 214.671875, "client_cpu_percent_mean": 110.825, "client_rss_peak_mib": 5.78125}
{"workload": "protocol-scope", "server": "hypercorn-uvloop", "repetition": 2, "requests": 5240, "duration_seconds": 2.001500084, "requests_per_second": 2618.036, "request_body_bytes": 5240, "response_body_bytes": 73360, "response_data_chunks": 5240, "application_bytes_per_second": 39270.545, "p50_ms": 1.500167, "p95_ms": 1.73525, "p99_ms": 1.867917, "failures": 0, "first_failure": null, "server_cpu_percent_mean": 77.4888888888889, "server_cpu_percent_max": 89.8, "server_rss_peak_mib": 88.34375, "client_cpu_percent_mean": 18.175, "client_rss_peak_mib": 4.484375}
{"workload": "protocol-scope", "server": "uvicorn-rs-uvloop", "repetition": 2, "requests": 58180, "duration_seconds": 2.000133375, "requests_per_second": 29088.06, "request_body_bytes": 58180, "response_body_bytes": 814520, "response_data_chunks": 58180, "application_bytes_per_second": 436320.903, "p50_ms": 0.134416, "p95_ms": 0.181083, "p99_ms": 0.208875, "failures": 0, "first_failure": null, "server_cpu_percent_mean": 165.3, "server_cpu_percent_max": 190.5, "server_rss_peak_mib": 260.0625, "client_cpu_percent_mean": 133.325, "client_rss_peak_mib": 6.09375}
{"workload": "protocol-scope", "server": "hypercorn-asyncio", "repetition": 2, "requests": 4943, "duration_seconds": 2.001781708, "requests_per_second": 2469.3, "request_body_bytes": 4943, "response_body_bytes": 69202, "response_data_chunks": 4943, "application_bytes_per_second": 37039.503, "p50_ms": 1.587416, "p95_ms": 1.870416, "p99_ms": 2.0175, "failures": 0, "first_failure": null, "server_cpu_percent_mean": 79.44444444444444, "server_cpu_percent_max": 92.8, "server_rss_peak_mib": 86.8125, "client_cpu_percent_mean": 17.65, "client_rss_peak_mib": 4.515625}
{"workload": "protocol-scope", "server": "hypercorn-uvloop", "repetition": 3, "requests": 5283, "duration_seconds": 2.001030333, "requests_per_second": 2640.14, "request_body_bytes": 5283, "response_body_bytes": 73962, "response_data_chunks": 5283, "application_bytes_per_second": 39602.098, "p50_ms": 1.494208, "p95_ms": 1.717375, "p99_ms": 1.834834, "failures": 0, "first_failure": null, "server_cpu_percent_mean": 77.57777777777778, "server_cpu_percent_max": 89.9, "server_rss_peak_mib": 88.09375, "client_cpu_percent_mean": 18.2625, "client_rss_peak_mib": 4.3125}
{"workload": "protocol-scope", "server": "uvicorn-rs-uvloop", "repetition": 3, "requests": 58120, "duration_seconds": 2.000059042, "requests_per_second": 29059.142, "request_body_bytes": 58120, "response_body_bytes": 813680, "response_data_chunks": 58120, "application_bytes_per_second": 435887.132, "p50_ms": 0.134333, "p95_ms": 0.181542, "p99_ms": 0.212041, "failures": 0, "first_failure": null, "server_cpu_percent_mean": 164.55555555555554, "server_cpu_percent_max": 190.2, "server_rss_peak_mib": 267.25, "client_cpu_percent_mean": 132.2, "client_rss_peak_mib": 6.15625}
{"workload": "protocol-scope", "server": "hypercorn-asyncio", "repetition": 3, "requests": 4963, "duration_seconds": 2.001209083, "requests_per_second": 2480.001, "request_body_bytes": 4963, "response_body_bytes": 69482, "response_data_chunks": 4963, "application_bytes_per_second": 37200.011, "p50_ms": 1.602958, "p95_ms": 1.825625, "p99_ms": 1.940042, "failures": 0, "first_failure": null, "server_cpu_percent_mean": 80.12222222222222, "server_cpu_percent_max": 92.7, "server_rss_peak_mib": 88.140625, "client_cpu_percent_mean": 17.525, "client_rss_peak_mib": 4.453125}
{"workload": "protocol-scope", "server": "uvicorn-rs-asyncio", "repetition": 3, "requests": 47300, "duration_seconds": 2.000111833, "requests_per_second": 23648.678, "request_body_bytes": 47300, "response_body_bytes": 662200, "response_data_chunks": 47300, "application_bytes_per_second": 354730.165, "p50_ms": 0.16625, "p95_ms": 0.22675, "p99_ms": 0.266583, "failures": 0, "first_failure": null, "server_cpu_percent_mean": 152.98888888888888, "server_cpu_percent_max": 180.9, "server_rss_peak_mib": 215.1875, "client_cpu_percent_mean": 110.675, "client_rss_peak_mib": 5.84375}
{"workload": "fixed", "server": "uvicorn-rs-asyncio", "repetition": 1, "requests": 48345, "duration_seconds": 2.000156916, "requests_per_second": 24170.604, "request_body_bytes": 48345, "response_body_bytes": 580140, "response_data_chunks": 48345, "application_bytes_per_second": 314217.847, "p50_ms": 0.163209, "p95_ms": 0.218875, "p99_ms": 0.250875, "failures": 0, "first_failure": null, "server_cpu_percent_mean": 155.0, "server_cpu_percent_max": 180.1, "server_rss_peak_mib": 219.75, "client_cpu_percent_mean": 111.3, "client_rss_peak_mib": 5.9375}
{"workload": "fixed", "server": "hypercorn-uvloop", "repetition": 1, "requests": 5236, "duration_seconds": 2.001209916, "requests_per_second": 2616.417, "request_body_bytes": 5236, "response_body_bytes": 62832, "response_data_chunks": 5236, "application_bytes_per_second": 34013.423, "p50_ms": 1.504875, "p95_ms": 1.754125, "p99_ms": 1.902584, "failures": 0, "first_failure": null, "server_cpu_percent_mean": 85.8, "server_cpu_percent_max": 89.8, "server_rss_peak_mib": 88.828125, "client_cpu_percent_mean": 19.042857142857144, "client_rss_peak_mib": 4.359375}
{"workload": "fixed", "server": "uvicorn-rs-uvloop", "repetition": 1, "requests": 58788, "duration_seconds": 2.000090208, "requests_per_second": 29392.674, "request_body_bytes": 58788, "response_body_bytes": 705456, "response_data_chunks": 58788, "application_bytes_per_second": 382104.766, "p50_ms": 0.133167, "p95_ms": 0.179375, "p99_ms": 0.205542, "failures": 0, "first_failure": null, "server_cpu_percent_mean": 164.94444444444446, "server_cpu_percent_max": 188.8, "server_rss_peak_mib": 261.53125, "client_cpu_percent_mean": 134.9625, "client_rss_peak_mib": 6.046875}
{"workload": "fixed", "server": "hypercorn-asyncio", "repetition": 1, "requests": 5028, "duration_seconds": 2.001098958, "requests_per_second": 2512.619, "request_body_bytes": 5028, "response_body_bytes": 60336, "response_data_chunks": 5028, "application_bytes_per_second": 32664.052, "p50_ms": 1.583, "p95_ms": 1.798917, "p99_ms": 1.917959, "failures": 0, "first_failure": null, "server_cpu_percent_mean": 79.98888888888888, "server_cpu_percent_max": 93.0, "server_rss_peak_mib": 86.8125, "client_cpu_percent_mean": 17.6125, "client_rss_peak_mib": 4.484375}
{"workload": "fixed", "server": "hypercorn-uvloop", "repetition": 2, "requests": 5296, "duration_seconds": 2.001433, "requests_per_second": 2646.104, "request_body_bytes": 5296, "response_body_bytes": 63552, "response_data_chunks": 5296, "application_bytes_per_second": 34399.353, "p50_ms": 1.478333, "p95_ms": 1.715, "p99_ms": 1.83975, "failures": 0, "first_failure": null, "server_cpu_percent_mean": 77.07777777777778, "server_cpu_percent_max": 89.9, "server_rss_peak_mib": 88.40625, "client_cpu_percent_mean": 18.2625, "client_rss_peak_mib": 4.453125}
{"workload": "fixed", "server": "uvicorn-rs-uvloop", "repetition": 2, "requests": 59408, "duration_seconds": 2.000085709, "requests_per_second": 29702.727, "request_body_bytes": 59408, "response_body_bytes": 712896, "response_data_chunks": 59408, "application_bytes_per_second": 386135.452, "p50_ms": 0.131625, "p95_ms": 0.179125, "p99_ms": 0.206542, "failures": 0, "first_failure": null, "server_cpu_percent_mean": 165.05555555555554, "server_cpu_percent_max": 189.2, "server_rss_peak_mib": 264.578125, "client_cpu_percent_mean": 134.9625, "client_rss_peak_mib": 6.234375}
{"workload": "fixed", "server": "uvicorn-rs-asyncio", "repetition": 2, "requests": 49087, "duration_seconds": 2.000083333, "requests_per_second": 24542.477, "request_body_bytes": 49087, "response_body_bytes": 589044, "response_data_chunks": 49087, "application_bytes_per_second": 319052.206, "p50_ms": 0.160125, "p95_ms": 0.219875, "p99_ms": 0.258, "failures": 0, "first_failure": null, "server_cpu_percent_mean": 155.75555555555556, "server_cpu_percent_max": 180.5, "server_rss_peak_mib": 223.125, "client_cpu_percent_mean": 111.35, "client_rss_peak_mib": 5.890625}
{"workload": "fixed", "server": "hypercorn-asyncio", "repetition": 2, "requests": 4886, "duration_seconds": 2.001355666, "requests_per_second": 2441.345, "request_body_bytes": 4886, "response_body_bytes": 58632, "response_data_chunks": 4886, "application_bytes_per_second": 31737.487, "p50_ms": 1.618541, "p95_ms": 1.849708, "p99_ms": 1.973708, "failures": 0, "first_failure": null, "server_cpu_percent_mean": 88.2875, "server_cpu_percent_max": 92.3, "server_rss_peak_mib": 86.3125, "client_cpu_percent_mean": 17.485714285714284, "client_rss_peak_mib": 4.234375}
{"workload": "fixed", "server": "uvicorn-rs-asyncio", "repetition": 3, "requests": 45171, "duration_seconds": 2.000056917, "requests_per_second": 22584.857, "request_body_bytes": 45171, "response_body_bytes": 542052, "response_data_chunks": 45171, "application_bytes_per_second": 293603.144, "p50_ms": 0.173667, "p95_ms": 0.24125, "p99_ms": 0.283541, "failures": 0, "first_failure": null, "server_cpu_percent_mean": 146.61111111111111, "server_cpu_percent_max": 169.4, "server_rss_peak_mib": 207.1875, "client_cpu_percent_mean": 105.6, "client_rss_peak_mib": 5.984375}
Traceback (most recent call last):
  File "/Users/lazytrot/work/uvicorn-rs/scripts/run_h3_category_bench.py", line 306, in main
    metrics = sample(
              ^^^^^^^
  File "/Users/lazytrot/work/uvicorn-rs/scripts/run_h3_category_bench.py", line 231, in sample
    raise RuntimeError(
RuntimeError: HTTP/3 client failed:
{"requests":1599,"duration_seconds":5.663097417,"requests_per_second":282.354,"request_body_bytes":1603,"response_body_bytes":19188,"response_data_chunks":1599,"application_bytes_per_second":3671.312,"p50_ms":1.595334,"p95_ms":1.885916,"p99_ms":2.066375,"failures":4,"first_failure":"timed out waiting for H3 response headers"}

Error: "HTTP/3 benchmark correctness gate failed"

server output:
/Users/lazytrot/work/uvicorn-rs/.venv/lib/python3.12/site-packages/hypercorn/asyncio/task_group.py:32: RuntimeWarning: coroutine 'QuicProtocol._handle_timer' was never awaited
  await config.log.exception("Error in ASGI Framework")
RuntimeWarning: Enable tracemalloc to get the object allocation traceback


The above exception was the direct cause of the following exception:

Traceback (most recent call last):
  File "/Users/lazytrot/work/uvicorn-rs/scripts/run_h3_category_bench.py", line 369, in <module>
    main()
  File "/Users/lazytrot/work/uvicorn-rs/scripts/run_h3_category_bench.py", line 311, in main
    raise RuntimeError(
RuntimeError: HTTP/3 case failed: workload=fixed, server=hypercorn-asyncio, repetition=3: HTTP/3 client failed:
{"requests":1599,"duration_seconds":5.663097417,"requests_per_second":282.354,"request_body_bytes":1603,"response_body_bytes":19188,"response_data_chunks":1599,"application_bytes_per_second":3671.312,"p50_ms":1.595334,"p95_ms":1.885916,"p99_ms":2.066375,"failures":4,"first_failure":"timed out waiting for H3 response headers"}

Error: "HTTP/3 benchmark correctness gate failed"

server output:
/Users/lazytrot/work/uvicorn-rs/.venv/lib/python3.12/site-packages/hypercorn/asyncio/task_group.py:32: RuntimeWarning: coroutine 'QuicProtocol._handle_timer' was never awaited
  await config.log.exception("Error in ASGI Framework")
RuntimeWarning: Enable tracemalloc to get the object allocation traceback

