PASS http1: http1.scope-query-header-and-body
PASS http1: http1.absolute-form-target-preserves-raw-headers
PASS http1: http1.sync-callable-returns-awaitable
PASS http1: http1.response-stream-order
PASS http1: http1.response-first-chunk-before-app-completion
PASS http1: http1.response-reset-after-first-streamed-chunk
PASS http1: http1.response-reset-cancels-held-application
PASS http1: http1.request-upload-stream
PASS http1: http1.request-streaming-progress-before-upload-complete
PASS http1: fault.http1.concurrent-request-receives-after-lock-contention
PASS http1: http1.application-error
PASS http1: http1.synchronous-callable-error-before-awaitable
PASS http1: http1.receive-call-rejects-positional-argument
PASS http1: http1.application-status-404
PASS http1: http1.client-disconnect-event
PASS http1: http1.disconnect-after-response-start-send-error
PASS http1: http1.post-empty-body
PASS http1: http1.request-trailers-after-streamed-upload
PASS http1: http1.asgi-event-type-string-subclass
PASS http1: http1.invalid-asgi-missing-event-type
PASS http1: http1.invalid-asgi-unknown-event-type
PASS http1: http1.invalid-asgi-body-before-start
PASS http1: http1.response-burst-backpressure
PASS http1: http1.response-burst-backpressure-large-body
PASS http1: http1.response-before-upload-drained
PASS http1: http1.scope-encoded-path-and-query
PASS http1: http1.response-body-fields-default-empty
PASS http1: http1.invalid-response-header-name
PASS http1: http1.invalid-response-header-value
PASS http1: http1.invalid-asgi-event-type-is-not-string
PASS http1: http1.invalid-asgi-response-start-missing-status
PASS http1: http1.invalid-asgi-response-status-range
PASS http1: http1.invalid-asgi-response-status-type
PASS http1: http1.invalid-asgi-response-headers-container
PASS http1: http1.invalid-asgi-response-body-type
PASS http1: http1.duplicate-response-start
PASS http1: http1.response-start-then-app-error
PASS http1: http1.response-body-incomplete
PASS http1: http1.final-body-then-app-error
PASS http1: http1.request-body-drained-after-early-response
PASS http1: http1.disconnect-is-repeatable
PASS http1: http1.disconnect-remains-repeatable-after-repeated-receive
PASS http1: http1.wrong-context-websocket-accept-event
PASS http1: http1.wrong-context-websocket-close-event
PASS http1: http1.wrong-context-websocket-send-event
PASS http1: http1.wrong-context-lifespan-startup-complete-event
PASS http1: http1.wrong-context-lifespan-startup-failed-event
PASS http1: http1.wrong-context-lifespan-shutdown-complete-event
PASS http1: http1.wrong-context-lifespan-shutdown-failed-event
PASS http1: http1.upload-remains-after-one-asgi-receive
PASS http1: http1.upload-remains-unread-after-early-response
PASS http1: http1.app-returns-before-response-start
PASS http1: http1.percent-encoded-invalid-utf8-path
PASS http1: http1.connection-upgrade-token-without-upgrade
PASS http1: http1.websocket-upgrade-without-connection-token
PASS http1: http1.websocket-upgrade-with-whitespace-token
PASS http1: http1.websocket-upgrade-missing-key
PASS http1: http1.websocket-upgrade-invalid-key
PASS http1: http1.websocket-upgrade-key-incorrect-padding
PASS http1: http1.websocket-upgrade-key-excess-padding
PASS http1: http1.websocket-upgrade-key-discontinuous-padding
PASS http1: http1.websocket-upgrade-key-missing-padding
PASS http1: http1.websocket-upgrade-key-excess-canonical-padding
PASS http1: http1.websocket-upgrade-key-wrong-decoded-size
PASS http1: http1.websocket-upgrade-key-valid-single-padding-wrong-size
PASS http1: http1.websocket-upgrade-missing-version
PASS http1: http1.websocket-upgrade-wrong-version
PASS http1: http1.websocket-upgrade-empty-version
PASS http1: http1.websocket-upgrade-empty-key
PASS http1: http1.websocket-upgrade-duplicate-key
PASS http1: http1.persistent-connection-two-requests
PASS http1: http1.head-streamed-response-suppresses-body
PASS http1: http1.no-content-status-with-empty-body
PASS http1: http1.scope-reports-http-1-0
PASS http1: http1.scope-http-1-0-without-host-header
PASS http1: http1.disconnect-before-request-body
PASS http1: http1.reset-during-incomplete-request-body
PASS http1: fault.http1.scope-asgi-version-memory-error
PASS http1: fault.http1.scope-http-asgi-spec-version-set-item
PASS http1: fault.http1.scope-http-type-set-item
PASS http1: fault.http1.scope-http-asgi-set-item
PASS http1: fault.http1.scope-http-http-version-set-item
PASS http1: fault.http1.scope-http-method-set-item
PASS http1: fault.http1.scope-http-scheme-set-item
PASS http1: fault.http1.scope-http-path-set-item
PASS http1: fault.http1.scope-http-raw-path-set-item
PASS http1: fault.http1.scope-http-query-string-set-item
PASS http1: fault.http1.scope-http-root-path-set-item
PASS http1: fault.http1.scope-http-headers-append
PASS http1: fault.http1.scope-http-headers-set-item
PASS http1: fault.http1.scope-http-client-set-item
PASS http1: fault.http1.scope-http-server-set-item
PASS http1: fault.http1.scope-state-copy-set-item
PASS http1: fault.http1.scope-state-set-item
PASS http1: fault.http1.scope-websocket-asgi-version-set-item
PASS http1: fault.http1.scope-websocket-asgi-spec-version-set-item
PASS http1: fault.http1.scope-websocket-type-set-item
PASS http1: fault.http1.scope-websocket-asgi-set-item
PASS http1: fault.http1.scope-websocket-http-version-set-item
PASS http1: fault.http1.scope-websocket-method-set-item
PASS http1: fault.http1.scope-websocket-scheme-set-item
PASS http1: fault.http1.scope-websocket-path-set-item
PASS http1: fault.http1.scope-websocket-raw-path-set-item
PASS http1: fault.http1.scope-websocket-query-string-set-item
PASS http1: fault.http1.scope-websocket-root-path-set-item
PASS http1: fault.http1.scope-websocket-headers-append
PASS http1: fault.http1.scope-websocket-headers-set-item
PASS http1: fault.http1.scope-websocket-subprotocols-set-item
PASS http1: fault.http1.scope-websocket-client-set-item
PASS http1: fault.http1.scope-websocket-server-set-item
PASS http1: fault.http1.request-type-set-item
PASS http1: fault.http1.request-body-set-item
PASS http1: fault.http1.request-more-body-set-item
PASS http1: fault.http1.connection-task-service-error
PASS http1: fault.http1.connection-task-join-error
PASS http1: fault.http1.request-disconnect-type-set-item
PASS http1: fault.http1.immediate-disconnect-message-error
PASS http1: fault.http1.response-start-task-wins-select
PASS http1: fault.asgi-event-type.http-response-start-eq
PASS http1: fault.asgi-event-type.http-response-body-eq
PASS http1: fault.asgi-event-type.extract
PASS http1: fault.http-asgi-send-type-get-item
PASS http1: fault.http-response-body-body-extract
PASS http1: fault.http-response-body-body-get-item
PASS http1: fault.http-response-body-more-body-extract
PASS http1: fault.http-response-body-more-body-get-item
PASS http1: fault.http-response-start-headers-extract
PASS http1: fault.http-response-start-headers-get-item
PASS http1: fault.http-response-start-status-extract
PASS http1: fault.http-response-start-status-get-item
PASS http1: fault.http1.python-task-starter-import-asyncio
PASS http1: fault.http1.python-task-starter-ensure-future
PASS http1: fault.http1.python-task-starter-add-done-callback
PASS http1: http1.malformed-chunk-body-becomes-asgi-disconnect
PASS http1: fault.http1.response-start-channel-closed
PASS http1: fault.http1.response-body-channel-closed
PASS http1: fault.http1.response-body-consumer-pause-backpressure
PASS http1: fault.http1.task-panic-after-final-response-body
PASS http1: fault.http1.app-task-panic-before-response-start
PASS http1: fault.http1.python-task-starter-task-sender-missing
PASS http1: fault.http1.python-task-future-task-receiver-closed
PASS http1: fault.http1.python-task-future-starter-allocation
PASS http1: fault.http1.python-task-future-context-set-item
PASS http1: fault.http1.python-task-future-schedule-call
PASS http1: fault.http1.python-task-completion-result-receiver-closed
PASS http1-tls: http1-tls.scope-reports-https
PASS http2: http2.scope-query-header-and-body
PASS http2: http2.response-stream-order
PASS http2: http2.response-first-chunk-before-app-completion
PASS http2: http2.response-stream-reset-cancels-app
PASS http2: http2.request-upload-stream
PASS http2: http2.request-streaming-progress-before-upload-complete
PASS http2: http2.request-trailers-after-streamed-upload
PASS http2: http2.asgi-event-type-string-subclass
PASS http2: http2.response-burst-backpressure
PASS http2: http2.invalid-asgi-event-type-is-not-string
PASS http2: http2.invalid-asgi-response-start-missing-status
PASS http2: http2.application-error-before-response-start
PASS http2: fault.http2.app-task-panic-before-response-start
PASS http2: http2.scope-preserves-duplicate-headers
PASS http2: http2.scope-host-fallback-without-authority
PASS http2: http2.app-returns-before-response-start
PASS http2: http2.upload-abandoned-by-early-app-return
PASS http2: http2.no-content-status-with-empty-body
PASS http3: http3.request-body-client-abort
PASS http3: http3.scope-query-header-and-body
PASS http3: http3.response-stream-order
PASS http3: http3.asgi-event-type-string-subclass
PASS http3: http3.response-burst-backpressure
PASS http3: http3.client-cancels-large-response-after-headers
PASS http3: http3.post-first-upload-response
PASS http3: http3.application-error-before-response-start
PASS http3: fault.http3.app-task-panic-before-response-start
PASS http3: http3.response-body-fields-default-empty
PASS http3: http3.scope-preserves-duplicate-headers
PASS http3: http3.app-returns-before-response-start
PASS http3: http3.upload-abandoned-by-early-app-return
PASS http3: http3.early-response-with-open-upload
PASS http3: http3.no-content-status-with-empty-body
PASS http3: http3.upload-body-shorter-than-content-length
PASS http3: http3.invalid-asgi-event-type-is-not-string
PASS http3: http3.invalid-asgi-response-start-missing-status
PASS http3: http3.invalid-alpn-handshake-recovers
PASS http3: fault.http3.connection-task-panic-followup
PASS http3: http3.graceful-shutdown-drains-open-connection
PASS http3: fault.http3.shutdown-deadline-aborts-server-task
PASS http3: fault.http3.listener-accept-error-shuts-down-quic
PASS http3: fault.http3.endpoint-bind-error
PASS websocket: websocket.client-drop-during-pending-upgrade
PASS websocket: websocket.text-and-binary-round-trip
PASS websocket: websocket.pre-accept-denial
PASS websocket: websocket.pre-accept-default-close
PASS websocket: websocket.missing-event-type
PASS websocket: websocket.unsupported-event-type
PASS websocket: websocket.server-initiated-close
PASS websocket: websocket.app-returns-before-handshake
PASS websocket: websocket.app-error-before-handshake
PASS websocket: websocket.synchronous-callable-error-before-awaitable
PASS websocket: websocket.send-before-accept
PASS websocket: websocket.duplicate-accept
PASS websocket: websocket.invalid-send-payload-after-accept
PASS websocket: websocket.server-app-completion-close
PASS websocket: websocket.immediate-send-and-return
PASS websocket: websocket.subclass-event-types
PASS websocket: websocket.outbound-backpressure-burst
PASS websocket: websocket.client-close-code-and-reason
PASS websocket: websocket.application-error-after-accept
PASS websocket: websocket.receive-call-rejects-positional-argument
PASS websocket: websocket.send-requires-exactly-one-payload
PASS websocket: websocket.wrong-context-http-response-start-event
PASS websocket: websocket.wrong-context-http-response-body-event
PASS websocket: websocket.empty-text-and-binary-payloads
PASS websocket: websocket.accept-with-custom-asgi-header
PASS websocket: websocket.invalid-accept-header-rejected
PASS websocket: websocket.accepted-default-close
PASS websocket: websocket.close-twice-after-accept
PASS websocket: websocket.send-after-client-disconnect
PASS websocket: websocket.receive-after-client-disconnect
PASS websocket: websocket.control-ping-pong
PASS websocket: websocket.abrupt-client-disconnect
PASS websocket: websocket.invalid-accept-header-container
PASS websocket: websocket.invalid-subprotocol-type
PASS websocket: websocket.invalid-pre-accept-close-code-type
PASS websocket: fault.websocket.receive-channel-closed
PASS websocket: fault.websocket.receive-connection-closed
PASS websocket: fault.websocket.driver-connection-closed
PASS websocket: fault.websocket.driver-peer-eof
PASS websocket: fault.websocket.driver-app-task-aborted
PASS websocket: fault.websocket.driver-incoming-text-receiver-closed
PASS websocket: fault.websocket.driver-incoming-binary-receiver-closed
PASS websocket: fault.websocket.driver-outgoing-channel-closed
PASS websocket: fault.websocket.receive-connect-type-set-item
PASS websocket: fault.websocket.receive-text-type-set-item
PASS websocket: fault.websocket.receive-text-value-set-item
PASS websocket: fault.websocket.receive-binary-type-set-item
PASS websocket: fault.websocket.receive-binary-value-set-item
PASS websocket: fault.websocket.receive-disconnect-type-set-item
PASS websocket: fault.websocket.receive-disconnect-code-set-item
PASS websocket: fault.websocket.receive-disconnect-reason-set-item
PASS websocket: fault.websocket.receive-closed-type-set-item
PASS websocket: fault.websocket.receive-closed-code-set-item
PASS websocket: fault.websocket.receive-closed-reason-set-item
PASS websocket: fault.asgi-event-type.websocket-accept-eq
PASS websocket: fault.asgi-event-type.websocket-close-pre-accept-eq
PASS websocket: fault.asgi-event-type.websocket-send-eq
PASS websocket: fault.asgi-event-type.websocket-close-after-accept-eq
PASS websocket: fault.websocket-asgi-send-type-get-item
PASS websocket: fault.websocket-accept-subprotocol-get-item
PASS websocket: fault.websocket-accept-subprotocol-extract
PASS websocket: fault.websocket-accept-headers-get-item
PASS websocket: fault.websocket-accept-headers-extract
PASS websocket: fault.websocket-close-code-get-item
PASS websocket: fault.websocket-close-code-extract
PASS websocket: fault.websocket-close-reason-get-item
PASS websocket: fault.websocket-close-reason-extract
PASS websocket: fault.websocket-send-text-get-item
PASS websocket: fault.websocket-send-text-extract
PASS websocket: fault.websocket-send-bytes-get-item
PASS websocket: fault.websocket-send-bytes-extract
PASS websocket: fault.websocket.handshake-mutex-poison-accept
PASS websocket: fault.websocket.handshake-mutex-poison-close
PASS websocket: fault.websocket.handshake-already-completed-accept
PASS websocket: fault.websocket.handshake-already-completed-close
PASS websocket: fault.websocket.handshake-send-closed-accept
PASS websocket: fault.websocket.handshake-send-closed-close
PASS websocket: fault.websocket.outgoing-channel-closed-on-send
PASS websocket: fault.websocket.outgoing-queue-receiver-closed
PASS websocket: websocket.server-shutdown-during-pending-upgrade
PASS websocket: websocket.server-shutdown-cancels-held-session
PASS websocket-tls: websocket-tls.text-round-trip-with-query-and-subprotocol
PASS startup-partial-tls-api: startup-partial-tls-api.partial-tls-startup-error
PASS startup-missing-certificate: startup-missing-certificate.missing-certificate-startup-error
PASS startup-invalid-host: startup-invalid-host.invalid-host-startup-error
PASS startup-empty-certificate: startup-empty-certificate.empty-certificate-startup-error
PASS startup-invalid-certificate-pem: startup-invalid-certificate-pem.invalid-certificate-pem-startup-error
PASS startup-missing-private-key: startup-missing-private-key.missing-private-key-startup-error
PASS startup-empty-private-key: startup-empty-private-key.empty-private-key-startup-error
PASS startup-invalid-private-key-pem: startup-invalid-private-key-pem.invalid-private-key-pem-startup-error
PASS startup-mismatched-private-key: startup-mismatched-private-key.mismatched-private-key-startup-error
PASS lifecycle: lifespan.startup-and-shutdown-cancel
PASS lifecycle: fault.lifecycle.connection-service-error-during-shutdown
PASS lifecycle: fault.lifecycle.connection-join-error-during-shutdown
PASS lifespan-fault-shutdown-cancel: fault.lifespan.pending-task-cancel-on-forced-timeout
PASS lifecycle-server-api: lifespan.public-server-api-cancels-and-shuts-down
PASS lifespan-no-support: lifespan.auto-app-does-not-support-lifespan
PASS lifespan-retained-send: lifespan.app-returns-while-send-is-retained
PASS lifespan-subclass-event-types: lifespan-subclass-event-types.complete-events
PASS lifespan-no-support-error: lifespan.auto-app-raises-before-startup
PASS lifespan-no-support-error-retained: lifespan.auto-app-raises-after-retaining-send
PASS lifespan-receive-wrong-signature: lifespan.receive-call-rejects-positional-argument
PASS lifespan-invalid-startup-event: lifespan-invalid-startup-event.auto-disables-invalid-lifespan
PASS lifespan-missing-startup-event-type: lifespan-missing-startup-event-type.auto-disables-invalid-lifespan
PASS lifespan-non-string-startup-event-type: lifespan-non-string-startup-event-type.auto-disables-invalid-lifespan
PASS lifespan-startup-failed: lifespan-startup-failed.startup-does-not-complete
PASS lifespan-startup-failed-subclass: lifespan-startup-failed-subclass.startup-does-not-complete
PASS lifespan-startup-failed-empty: lifespan-startup-failed-empty.startup-does-not-complete
PASS lifespan-unexpected-startup-event: lifespan-unexpected-startup-event.startup-does-not-complete
PASS lifespan-shutdown-failed: lifespan-shutdown-failed.failure-is-reported-during-shutdown
PASS lifespan-shutdown-failed-subclass: lifespan-shutdown-failed-subclass.failure-is-reported-during-shutdown
PASS lifespan-shutdown-failed-empty: lifespan-shutdown-failed-empty.failure-is-reported-during-shutdown
PASS lifespan-shutdown-returns: lifespan.lifespan-shutdown-returns
PASS lifespan-shutdown-returns-retained: lifespan.lifespan-shutdown-returns-while-send-retained
PASS lifespan-shutdown-raises: lifespan.lifespan-shutdown-raises
PASS lifespan-shutdown-unexpected-event: lifespan.lifespan-shutdown-unexpected-event
PASS lifespan-startup-complete-then-returns: lifespan.lifespan-startup-complete-then-returns
PASS lifespan-fault-scope-asgi-version: fault.lifespan.scope-asgi-version-set-item
PASS lifespan-fault-scope-asgi-spec-version: fault.lifespan.scope-asgi-spec-version-set-item
PASS lifespan-fault-scope-type: fault.lifespan.scope-type-set-item
PASS lifespan-fault-scope-asgi: fault.lifespan.scope-asgi-set-item
PASS lifespan-fault-scope-state: fault.lifespan.scope-state-set-item
PASS lifespan-fault-receive-startup: fault.lifespan.receive-startup-type-set-item
PASS lifespan-fault-shutdown-receive: fault.lifespan.receive-shutdown-type-set-item
PASS lifespan-fault-asgi-startup-complete: fault.lifespan-fault-asgi-startup-complete.startup-complete-classification
PASS lifespan-fault-asgi-startup-failed: fault.lifespan-fault-asgi-startup-failed.startup-failed-classification
PASS lifespan-fault-asgi-shutdown-complete: fault.lifespan-fault-asgi-shutdown-complete.shutdown-complete-classification
PASS lifespan-fault-asgi-shutdown-failed: fault.lifespan-fault-asgi-shutdown-failed.shutdown-failed-classification
PASS lifespan-fault-asgi-startup-failed-message-get-item: fault.lifespan-fault-asgi-startup-failed-message-get-item
PASS lifespan-fault-asgi-startup-failed-message-extract: fault.lifespan-fault-asgi-startup-failed-message-extract
PASS lifespan-fault-asgi-startup-event-channel-closed: fault.lifespan-fault-asgi-startup-event-channel-closed
PASS lifespan-fault-asgi-shutdown-send-type-get-item: fault.lifespan-fault-asgi-shutdown-send-type-get-item
PASS lifespan-fault-asgi-shutdown-failed-message-get-item: fault.lifespan-fault-asgi-shutdown-failed-message-get-item
PASS lifespan-fault-asgi-shutdown-failed-message-extract: fault.lifespan-fault-asgi-shutdown-failed-message-extract
PASS startup-fault-native-add-class-asgi-io: fault.startup-fault-native-add-class-asgi-io
PASS startup-fault-native-add-class-websocket-io: fault.startup-fault-native-add-class-websocket-io
PASS startup-fault-native-add-class-lifespan-io: fault.startup-fault-native-add-class-lifespan-io
PASS startup-fault-native-add-class-server-control: fault.startup-fault-native-add-class-server-control
PASS startup-fault-native-add-function-serve: fault.startup-fault-native-add-function-serve
PASS startup-fault-listener-accept: fault.http1.server-listener-accept-error
PASS startup-fault-listener-accept: fault.http1.server-local-address-inspection-error
{
  "status": "completed",
  "summary": {
    "selected": 329,
    "executed": 329,
    "passed": 329,
    "failed": 0,
    "not_run": 0,
    "infrastructure_failed": 0
  },
  "result": "/Users/lazytrot/work/uvicorn-rs/benchmarks/results/interned-names-2026-10-04/coverage-artifacts/f42402ed986f43ffb0bb1ba0fd43fbd7/matrix-runs/run-1/parity-result.json"
}
